Component: ARM Compiler 5.05 update 1 (build 106) Tool: armlink [4d0efa]

==============================================================================

Section Cross References

    startup_stm32f407xx.o(RESET) refers to startup_stm32f407xx.o(STACK) for __initial_sp
    startup_stm32f407xx.o(RESET) refers to startup_stm32f407xx.o(.text) for Reset_Handler
    startup_stm32f407xx.o(RESET) refers to stm32f4xx_it.o(i.SysTick_Handler) for SysTick_Handler
    startup_stm32f407xx.o(RESET) refers to stm32f4xx_it.o(i.EXTI1_IRQHandler) for EXTI1_IRQHandler
    startup_stm32f407xx.o(RESET) refers to stm32f4xx_it.o(i.DMA1_Stream2_IRQHandler) for DMA1_Stream2_IRQHandler
    startup_stm32f407xx.o(RESET) refers to stm32f4xx_it.o(i.TIM2_IRQHandler) for TIM2_IRQHandler
    startup_stm32f407xx.o(RESET) refers to stm32f4xx_it.o(i.TIM3_IRQHandler) for TIM3_IRQHandler
    startup_stm32f407xx.o(RESET) refers to stm32f4xx_it.o(i.I2C1_EV_IRQHandler) for I2C1_EV_IRQHandler
    startup_stm32f407xx.o(RESET) refers to stm32f4xx_it.o(i.DMA2_Stream2_IRQHandler) for DMA2_Stream2_IRQHandler
    startup_stm32f407xx.o(.text) refers to system_stm32f4xx.o(i.SystemInit) for SystemInit
    startup_stm32f407xx.o(.text) refers to entry.o(.ARM.Collect$$$$00000000) for __main
    stm32f4xx_hal.o(i.HAL_DeInit) refers to stm32f4xx_hal.o(i.HAL_MspDeInit) for HAL_MspDeInit
    stm32f4xx_hal.o(i.HAL_Delay) refers to stm32f4xx_hal.o(i.HAL_GetTick) for HAL_GetTick
    stm32f4xx_hal.o(i.HAL_GetTick) refers to stm32f4xx_hal.o(.data) for .data
    stm32f4xx_hal.o(i.HAL_IncTick) refers to stm32f4xx_hal.o(.data) for .data
    stm32f4xx_hal.o(i.HAL_Init) refers to stm32f4xx_hal_cortex.o(i.HAL_NVIC_SetPriorityGrouping) for HAL_NVIC_SetPriorityGrouping
    stm32f4xx_hal.o(i.HAL_Init) refers to stm32f4xx_hal.o(i.HAL_InitTick) for HAL_InitTick
    stm32f4xx_hal.o(i.HAL_Init) refers to stm32f4xx_hal_msp.o(i.HAL_MspInit) for HAL_MspInit
    stm32f4xx_hal.o(i.HAL_InitTick) refers to stm32f4xx_hal_rcc.o(i.HAL_RCC_GetHCLKFreq) for HAL_RCC_GetHCLKFreq
    stm32f4xx_hal.o(i.HAL_InitTick) refers to stm32f4xx_hal_cortex.o(i.HAL_SYSTICK_Config) for HAL_SYSTICK_Config
    stm32f4xx_hal.o(i.HAL_InitTick) refers to stm32f4xx_hal_cortex.o(i.HAL_NVIC_SetPriority) for HAL_NVIC_SetPriority
    stm32f4xx_hal_i2c.o(i.HAL_I2C_DeInit) refers to stm32f4xx_hal_msp.o(i.HAL_I2C_MspDeInit) for HAL_I2C_MspDeInit
    stm32f4xx_hal_i2c.o(i.HAL_I2C_ER_IRQHandler) refers to stm32f4xx_hal_i2c.o(i.HAL_I2C_ErrorCallback) for HAL_I2C_ErrorCallback
    stm32f4xx_hal_i2c.o(i.HAL_I2C_ER_IRQHandler) refers to stm32f4xx_hal_i2c.o(i.I2C_WaitOnFlagUntilTimeout) for I2C_WaitOnFlagUntilTimeout
    stm32f4xx_hal_i2c.o(i.HAL_I2C_ER_IRQHandler) refers to stm32f4xx_hal_i2c.o(i.HAL_I2C_SlaveTxCpltCallback) for HAL_I2C_SlaveTxCpltCallback
    stm32f4xx_hal_i2c.o(i.HAL_I2C_EV_IRQHandler) refers to stm32f4xx_hal_i2c.o(i.I2C_MasterTransmit_BTF) for I2C_MasterTransmit_BTF
    stm32f4xx_hal_i2c.o(i.HAL_I2C_EV_IRQHandler) refers to stm32f4xx_hal_i2c.o(i.I2C_MasterReceive_BTF) for I2C_MasterReceive_BTF
    stm32f4xx_hal_i2c.o(i.HAL_I2C_EV_IRQHandler) refers to stm32f4xx_hal_i2c.o(i.I2C_MasterReceive_RXNE) for I2C_MasterReceive_RXNE
    stm32f4xx_hal_i2c.o(i.HAL_I2C_EV_IRQHandler) refers to stm32f4xx_hal_i2c.o(i.I2C_WaitOnFlagUntilTimeout) for I2C_WaitOnFlagUntilTimeout
    stm32f4xx_hal_i2c.o(i.HAL_I2C_EV_IRQHandler) refers to stm32f4xx_hal_i2c.o(i.HAL_I2C_SlaveRxCpltCallback) for HAL_I2C_SlaveRxCpltCallback
    stm32f4xx_hal_i2c.o(i.HAL_I2C_Init) refers to stm32f4xx_hal_msp.o(i.HAL_I2C_MspInit) for HAL_I2C_MspInit
    stm32f4xx_hal_i2c.o(i.HAL_I2C_Init) refers to stm32f4xx_hal_rcc.o(i.HAL_RCC_GetPCLK1Freq) for HAL_RCC_GetPCLK1Freq
    stm32f4xx_hal_i2c.o(i.HAL_I2C_IsDeviceReady) refers to stm32f4xx_hal_i2c.o(i.I2C_WaitOnFlagUntilTimeout) for I2C_WaitOnFlagUntilTimeout
    stm32f4xx_hal_i2c.o(i.HAL_I2C_IsDeviceReady) refers to stm32f4xx_hal.o(i.HAL_GetTick) for HAL_GetTick
    stm32f4xx_hal_i2c.o(i.HAL_I2C_Master_Receive) refers to stm32f4xx_hal_i2c.o(i.I2C_MasterRequestRead) for I2C_MasterRequestRead
    stm32f4xx_hal_i2c.o(i.HAL_I2C_Master_Receive) refers to stm32f4xx_hal_i2c.o(i.I2C_WaitOnFlagUntilTimeout) for I2C_WaitOnFlagUntilTimeout
    stm32f4xx_hal_i2c.o(i.HAL_I2C_Master_Receive_DMA) refers to stm32f4xx_hal_dma.o(i.HAL_DMA_Start_IT) for HAL_DMA_Start_IT
    stm32f4xx_hal_i2c.o(i.HAL_I2C_Master_Receive_DMA) refers to stm32f4xx_hal_i2c.o(i.I2C_MasterRequestRead) for I2C_MasterRequestRead
    stm32f4xx_hal_i2c.o(i.HAL_I2C_Master_Receive_DMA) refers to stm32f4xx_hal_i2c.o(i.I2C_DMAMasterReceiveCplt) for I2C_DMAMasterReceiveCplt
    stm32f4xx_hal_i2c.o(i.HAL_I2C_Master_Receive_DMA) refers to stm32f4xx_hal_i2c.o(i.I2C_DMAError) for I2C_DMAError
    stm32f4xx_hal_i2c.o(i.HAL_I2C_Master_Receive_IT) refers to stm32f4xx_hal_i2c.o(i.I2C_MasterRequestRead) for I2C_MasterRequestRead
    stm32f4xx_hal_i2c.o(i.HAL_I2C_Master_Transmit) refers to stm32f4xx_hal_i2c.o(i.I2C_MasterRequestWrite) for I2C_MasterRequestWrite
[...]
    i.__hardfp_atan2                         0x080089a8   Section        0  atan2.o(i.__hardfp_atan2)
    i.__hardfp_cos                           0x08008b98   Section        0  cos.o(i.__hardfp_cos)
    i.__hardfp_fabs                          0x08008c60   Section        0  fabs.o(i.__hardfp_fabs)
    i.__hardfp_pow                           0x08008c78   Section        0  pow.o(i.__hardfp_pow)
    i.__hardfp_sin                           0x080098b0   Section        0  sin.o(i.__hardfp_sin)
    i.__hardfp_sqrt                          0x08009978   Section        0  sqrt.o(i.__hardfp_sqrt)
    i.__hardfp_tan                           0x080099f8   Section        0  tan.o(i.__hardfp_tan)
    i.__ieee754_rem_pio2                     0x08009a78   Section        0  rred.o(i.__ieee754_rem_pio2)
    i.__kernel_cos                           0x08009eb0   Section        0  cos_i.o(i.__kernel_cos)
    i.__kernel_poly                          0x0800a020   Section        0  poly.o(i.__kernel_poly)
    i.__kernel_sin                           0x0800a118   Section        0  sin_i.o(i.__kernel_sin)
    i.__kernel_tan                           0x0800a248   Section        0  tan_i.o(i.__kernel_tan)
    i.__mathlib_dbl_divzero                  0x0800a598   Section        0  dunder.o(i.__mathlib_dbl_divzero)
    i.__mathlib_dbl_infnan                   0x0800a5c8   Section        0  dunder.o(i.__mathlib_dbl_infnan)
    i.__mathlib_dbl_infnan2                  0x0800a5dc   Section        0  dunder.o(i.__mathlib_dbl_infnan2)
    i.__mathlib_dbl_invalid                  0x0800a5f0   Section        0  dunder.o(i.__mathlib_dbl_invalid)
    i.__mathlib_dbl_overflow                 0x0800a610   Section        0  dunder.o(i.__mathlib_dbl_overflow)
    i.__mathlib_dbl_underflow                0x0800a630   Section        0  dunder.o(i.__mathlib_dbl_underflow)
    i.__scatterload_copy                     0x0800a650   Section       14  handlers.o(i.__scatterload_copy)
    i.__scatterload_null                     0x0800a65e   Section        2  handlers.o(i.__scatterload_null)
    i.__scatterload_zeroinit                 0x0800a660   Section       14  handlers.o(i.__scatterload_zeroinit)
    i.__set_errno                            0x0800a670   Section        0  errno.o(i.__set_errno)
    i._fp_digits                             0x0800a67c   Section        0  printfa.o(i._fp_digits)
    _fp_digits                               0x0800a67d   Thumb Code   334  printfa.o(i._fp_digits)
    i._printf_core                           0x0800a7e0   Section        0  printfa.o(i._printf_core)
    _printf_core                             0x0800a7e1   Thumb Code  1744  printfa.o(i._printf_core)
    i._printf_post_padding                   0x0800aebc   Section        0  printfa.o(i._printf_post_padding)
    _printf_post_padding                     0x0800aebd   Thumb Code    36  printfa.o(i._printf_post_padding)
    i._printf_pre_padding                    0x0800aee0   Section        0  printfa.o(i._printf_pre_padding)
    _printf_pre_padding                      0x0800aee1   Thumb Code    46  printfa.o(i._printf_pre_padding)
    i._sputc                                 0x0800af0e   Section        0  printfa.o(i._sputc)
    _sputc                                   0x0800af0f   Thumb Code    10  printfa.o(i._sputc)
    i.atan                                   0x0800af18   Section        0  atan.o(i.atan)
    i.control_init_                          0x0800af28   Section        0  control.o(i.control_init_)
    i.do_optical_par                         0x0800b460   Section        0  par_optical.o(i.do_optical_par)
    i.fabs                                   0x0800b788   Section        0  fabs.o(i.fabs)
    i.fsign                                  0x0800b7a0   Section        0  rc.o(i.fsign)
    i.gyro_calib                             0x0800b7cc   Section        0  mpu6050.o(i.gyro_calib)
    i.init_mpu                               0x0800b948   Section        0  mpu6050.o(i.init_mpu)
    i.invSqrt                                0x0800ba88   Section        0  imu.o(i.invSqrt)
    i.main                                   0x0800bab4   Section        0  main.o(i.main)
    i.optical_kalman_init                    0x0800c1b0   Section        0  par_optical.o(i.optical_kalman_init)
    i.ping_mpu                               0x0800c1f8   Section        0  mpu6050.o(i.ping_mpu)
    i.sqrt                                   0x0800c220   Section        0  sqrt.o(i.sqrt)
    i.ultra_filter_lpf                       0x0800c290   Section        0  altitude.o(i.ultra_filter_lpf)
    i.update_Accel_weight                    0x0800c35c   Section        0  imu.o(i.update_Accel_weight)
    .constdata                               0x0800c520   Section       16  stm32f4xx_hal_rcc.o(.constdata)
    .constdata                               0x0800c530   Section       80  asin.o(.constdata)
    pS                                       0x0800c530   Data          48  asin.o(.constdata)
    qS                                       0x0800c560   Data          32  asin.o(.constdata)
    .constdata                               0x0800c580   Section      136  pow.o(.constdata)
    bp                                       0x0800c580   Data          16  pow.o(.constdata)
    dp_h                                     0x0800c590   Data          16  pow.o(.constdata)
    dp_l                                     0x0800c5a0   Data          16  pow.o(.constdata)
    L                                        0x0800c5b0   Data          48  pow.o(.constdata)
    P                                        0x0800c5e0   Data          40  pow.o(.constdata)
    .constdata                               0x0800c608   Section      152  atan.o(.constdata)
    atanhi                                   0x0800c608   Data          32  atan.o(.constdata)
    atanlo                                   0x0800c628   Data          32  atan.o(.constdata)
    aTodd                                    0x0800c648   Data          40  atan.o(.constdata)
    aTeven                                   0x0800c670   Data          48  atan.o(.constdata)
    .constdata                               0x0800c6a0   Section       48  cos_i.o(.constdata)
    C                                        0x0800c6a0   Data          48  cos_i.o(.constdata)
    .constdata                               0x0800c6d0   Section        8  qnan.o(.constdata)
    .constdata                               0x0800c6d8   Section      200  rred.o(.constdata)
    pio2s                                    0x0800c6d8   Data          48  rred.o(.constdata)
    twooverpi                                0x0800c708   Data         152  rred.o(.constdata)
    .constdata                               0x0800c7a0   Section       40  sin_i.o(.constdata)
    S                                        0x0800c7a0   Data          40  sin_i.o(.constdata)
    .constdata                               0x0800c7c8   Section       96  tan_i.o(.constdata)
    Todd                                     0x0800c7c8   Data          48  tan_i.o(.constdata)
    Teven                                    0x0800c7f8   Data          48  tan_i.o(.constdata)
    .data                                    0x20000000   Section        4  stm32f4xx_hal.o(.data)
    uwTick                                   0x20000000   Data           4  stm32f4xx_hal.o(.data)
    .data                                    0x20000004   Section       24  main.o(.data)
    .data                                    0x2000001c   Section        8  altitude.o(.data)
    .data                                    0x20000024   Section       48  control.o(.data)
    .data                                    0x20000054   Section        2  eeprom.o(.data)
    .data                                    0x20000056   Section        2  mpu6050.o(.data)
    .data                                    0x20000058   Section        2  telemetri.o(.data)
    .data                                    0x20000060   Section        8  telemetri.o(.data)
    .data                                    0x20000068   Section        4  telemetri.o(.data)
    .data                                    0x2000006c   Section       20  system_stm32f4xx.o(.data)
    .data                                    0x20000080   Section        4  errno.o(.data)
    _errno                                   0x20000080   Data           4  errno.o(.data)
    .bss                                     0x20000084   Section      556  main.o(.bss)
    .bss                                     0x200002b0   Section       80  main.o(.bss)
    .bss                                     0x20000300   Section       80  main.o(.bss)
    .bss                                     0x20000350   Section       80  main.o(.bss)
    .bss                                     0x200003a0   Section      104  altitude.o(.bss)
    .bss                                     0x20000408   Section     1680  control.o(.bss)
    .bss                                     0x20000a98   Section       96  imu.o(.bss)
    .bss                                     0x20000af8   Section       44  kalman.o(.bss)
    .bss                                     0x20000b24   Section      196  mpc.o(.bss)
    .bss                                     0x20000be8   Section      152  mpu6050.o(.bss)
    .bss                                     0x20000c80   Section      160  ms5611.o(.bss)
    .bss                                     0x20000d20   Section       50  nrf.o(.bss)
    .bss                                     0x20000d54   Section      128  nrf.o(.bss)
    .bss                                     0x20000dd4   Section      172  rc.o(.bss)
    .bss                                     0x20000e80   Section      150  telemetri.o(.bss)
    .bss                                     0x20000f18   Section      700  odometery.o(.bss)
    .bss                                     0x200011d4   Section      332  odometery.o(.bss)
    .bss                                     0x20001320   Section      108  par_optical.o(.bss)
    .bss                                     0x2000138c   Section       88  par_optical.o(.bss)
    STACK                                    0x200013e8   Section     1024  startup_stm32f407xx.o(STACK)

    Global Symbols

    Symbol Name                              Value     Ov Type        Size  Object(Section)

    BuildAttributes$$THM_ISAv4$E$P$D$K$B$S$7EM$VFPi3$EXTD16$VFPS$VFMA$PE$A:L22UL41UL21$X:L11$S22US41US21$IEEE1$IW$USESV6$~STKCKD$USESV7$~SHL$OTIME$ROPI$IEEEX$EBA8$MICROLIB$REQ8$PRES8$EABIv2 0x00000000   Number         0  anon$$obj.o ABSOLUTE
    __ARM_use_no_argv                        0x00000000   Number         0  main.o ABSOLUTE
    _printf_a                                0x00000000   Number         0  stubs.o ABSOLUTE
    _printf_c                                0x00000000   Number         0  stubs.o ABSOLUTE
    _printf_charcount                        0x00000000   Number         0  stubs.o ABSOLUTE
    _printf_d                                0x00000000   Number         0  stubs.o ABSOLUTE
    _printf_e                                0x00000000   Number         0  stubs.o ABSOLUTE
    _printf_f                                0x00000000   Number         0  stubs.o ABSOLUTE
    _printf_flags                            0x00000000   Number         0  stubs.o ABSOLUTE
    _printf_fp_dec                           0x00000000   Number         0  stubs.o ABSOLUTE
    _printf_fp_hex                           0x00000000   Number         0  stubs.o ABSOLUTE
    _printf_g                                0x00000000   Number         0  stubs.o ABSOLUTE
    _printf_i                                0x00000000   Number         0  stubs.o ABSOLUTE
    _printf_int_dec                          0x00000000   Number         0  stubs.o ABSOLUTE
    _printf_l                                0x00000000   Number         0  stubs.o ABSOLUTE
    _printf_lc                               0x00000000   Number         0  stubs.o ABSOLUTE
    _printf_ll                               0x00000000   Number         0  stubs.o ABSOLUTE
    _printf_lld                              0x00000000   Number         0  stubs.o ABSOLUTE
    _printf_lli                              0x00000000   Number         0  stubs.o ABSOLUTE
    _printf_llo                              0x00000000   Number         0  stubs.o ABSOLUTE
    _printf_llu                              0x00000000   Number         0  stubs.o ABSOLUTE
    _printf_llx                              0x00000000   Number         0  stubs.o ABSOLUTE
    _printf_longlong_dec                     0x00000000   Number         0  stubs.o ABSOLUTE
    _printf_longlong_hex                     0x00000000   Number         0  stubs.o ABSOLUTE
    _printf_longlong_oct                     0x00000000   Number         0  stubs.o ABSOLUTE
    _printf_ls                               0x00000000   Number         0  stubs.o ABSOLUTE
    _printf_mbtowc                           0x00000000   Number         0  stubs.o ABSOLUTE
    _printf_n                                0x00000000   Number         0  stubs.o ABSOLUTE
    _printf_o                                0x00000000   Number         0  stubs.o ABSOLUTE
    _printf_p                                0x00000000   Number         0  stubs.o ABSOLUTE
    _printf_percent                          0x00000000   Number         0  stubs.o ABSOLUTE
    _printf_pre_padding                      0x00000000   Number         0  stubs.o ABSOLUTE
    _printf_return_value                     0x00000000   Number         0  stubs.o ABSOLUTE
    _printf_s                                0x00000000   Number         0  stubs.o ABSOLUTE
    _printf_sizespec                         0x00000000   Number         0  stubs.o ABSOLUTE
    _printf_str                              0x00000000   Number         0  stubs.o ABSOLUTE
    _printf_truncate_signed                  0x00000000   Number         0  stubs.o ABSOLUTE
    _printf_truncate_unsigned                0x00000000   Number         0  stubs.o ABSOLUTE
    _printf_u                                0x00000000   Number         0  stubs.o ABSOLUTE
    _printf_wc                               0x00000000   Number         0  stubs.o ABSOLUTE
    _printf_wctomb                           0x00000000   Number         0  stubs.o ABSOLUTE
    _printf_widthprec                        0x00000000   Number         0  stubs.o ABSOLUTE
    _printf_x                                0x00000000   Number         0  stubs.o ABSOLUTE
    __cpp_initialize__aeabi_                  - Undefined Weak Reference
    __cxa_finalize                            - Undefined Weak Reference
    __decompress                              - Undefined Weak Reference
    _clock_init                               - Undefined Weak Reference
    _microlib_exit                            - Undefined Weak Reference
    __Vectors_Size                           0x00000188   Number         0  startup_stm32f407xx.o ABSOLUTE
    __Vectors                                0x08000000   Data           4  startup_stm32f407xx.o(RESET)
    __Vectors_End                            0x08000188   Data           0  startup_stm32f407xx.o(RESET)
    __main                                   0x08000189   Thumb Code     0  entry.o(.ARM.Collect$$$$00000000)
    _main_stk                                0x08000189   Thumb Code     0  entry2.o(.ARM.Collect$$$$00000001)
    _main_scatterload                        0x0800018d   Thumb Code     0  entry5.o(.ARM.Collect$$$$00000004)
    __main_after_scatterload                 0x08000191   Thumb Code     0  entry5.o(.ARM.Collect$$$$00000004)
    _main_clock                              0x08000191   Thumb Code     0  entry7b.o(.ARM.Collect$$$$00000008)
    _main_cpp_init                           0x08000191   Thumb Code     0  entry8b.o(.ARM.Collect$$$$0000000A)
    _main_init                               0x08000191   Thumb Code     0  entry9a.o(.ARM.Collect$$$$0000000B)
    __rt_final_cpp                           0x08000199   Thumb Code     0  entry10a.o(.ARM.Collect$$$$0000000D)
    __rt_final_exit                          0x08000199   Thumb Code     0  entry11a.o(.ARM.Collect$$$$0000000F)
    Reset_Handler                            0x0800019d   Thumb Code     8  startup_stm32f407xx.o(.text)
    NMI_Handler                              0x080001a5   Thumb Code     2  startup_stm32f407xx.o(.text)
    HardFault_Handler                        0x080001a7   Thumb Code     2  startup_stm32f407xx.o(.text)
    MemManage_Handler                        0x080001a9   Thumb Code     2  startup_stm32f407xx.o(.text)
    BusFault_Handler                         0x080001ab   Thumb Code     2  startup_stm32f407xx.o(.text)
    UsageFault_Handler                       0x080001ad   Thumb Code     2  startup_stm32f407xx.o(.text)
    SVC_Handler                              0x080001af   Thumb Code     2  startup_stm32f407xx.o(.text)
    DebugMon_Handler                         0x080001b1   Thumb Code     2  startup_stm32f407xx.o(.text)
    PendSV_Handler                           0x080001b3   Thumb Code     2  startup_stm32f407xx.o(.text)
    ADC_IRQHandler                           0x080001b7   Thumb Code     0  startup_stm32f407xx.o(.text)
    CAN1_RX0_IRQHandler                      0x080001b7   Thumb Code     0  startup_stm32f407xx.o(.text)
    CAN1_RX1_IRQHandler                      0x080001b7   Thumb Code     0  startup_stm32f407xx.o(.text)
    CAN1_SCE_IRQHandler                      0x080001b7   Thumb Code     0  startup_stm32f407xx.o(.text)
    CAN1_TX_IRQHandler                       0x080001b7   Thumb Code     0  startup_stm32f407xx.o(.text)
    CAN2_RX0_IRQHandler                      0x080001b7   Thumb Code     0  startup_stm32f407xx.o(.text)
    CAN2_RX1_IRQHandler                      0x080001b7   Thumb Code     0  startup_stm32f407xx.o(.text)
    CAN2_SCE_IRQHandler                      0x080001b7   Thumb Code     0  startup_stm32f407xx.o(.text)
    CAN2_TX_IRQHandler                       0x080001b7   Thumb Code     0  startup_stm32f407xx.o(.text)
    DCMI_IRQHandler                          0x080001b7   Thumb Code     0  startup_stm32f407xx.o(.text)
    DMA1_Stream0_IRQHandler                  0x080001b7   Thumb Code     0  startup_stm32f407xx.o(.text)
    DMA1_Stream1_IRQHandler                  0x080001b7   Thumb Code     0  startup_stm32f407xx.o(.text)
    DMA1_Stream3_IRQHandler                  0x080001b7   Thumb Code     0  startup_stm32f407xx.o(.text)
    DMA1_Stream4_IRQHandler                  0x080001b7   Thumb Code     0  startup_stm32f407xx.o(.text)
    DMA1_Stream5_IRQHandler                  0x080001b7   Thumb Code     0  startup_stm32f407xx.o(.text)
    DMA1_Stream6_IRQHandler                  0x080001b7   Thumb Code     0  startup_stm32f407xx.o(.text)
    DMA1_Stream7_IRQHandler                  0x080001b7   Thumb Code     0  startup_stm32f407xx.o(.text)
    DMA2_Stream0_IRQHandler                  0x080001b7   Thumb Code     0  startup_stm32f407xx.o(.text)
    DMA2_Stream1_IRQHandler                  0x080001b7   Thumb Code     0  startup_stm32f407xx.o(.text)
    DMA2_Stream3_IRQHandler                  0x080001b7   Thumb Code     0  startup_stm32f407xx.o(.text)
    DMA2_Stream4_IRQHandler                  0x080001b7   Thumb Code     0  startup_stm32f407xx.o(.text)
    DMA2_Stream5_IRQHandler                  0x080001b7   Thumb Code     0  startup_stm32f407xx.o(.text)
    DMA2_Stream6_IRQHandler                  0x080001b7   Thumb Code     0  startup_stm32f407xx.o(.text)
    DMA2_Stream7_IRQHandler                  0x080001b7   Thumb Code     0  startup_stm32f407xx.o(.text)
    ETH_IRQHandler                           0x080001b7   Thumb Code     0  startup_stm32f407xx.o(.text)
    ETH_WKUP_IRQHandler                      0x080001b7   Thumb Code     0  startup_stm32f407xx.o(.text)
    EXTI0_IRQHandler                         0x080001b7   Thumb Code     0  startup_stm32f407xx.o(.text)
    EXTI15_10_IRQHandler                     0x080001b7   Thumb Code     0  startup_stm32f407xx.o(.text)
    EXTI2_IRQHandler                         0x080001b7   Thumb Code     0  startup_stm32f407xx.o(.text)
    EXTI3_IRQHandler                         0x080001b7   Thumb Code     0  startup_stm32f407xx.o(.text)
    EXTI4_IRQHandler                         0x080001b7   Thumb Code     0  startup_stm32f407xx.o(.text)
    EXTI9_5_IRQHandler                       0x080001b7   Thumb Code     0  startup_stm32f407xx.o(.text)
    FLASH_IRQHandler                         0x080001b7   Thumb Code     0  startup_stm32f407xx.o(.text)
    FMC_IRQHandler                           0x080001b7   Thumb Code     0  startup_stm32f407xx.o(.text)
    FPU_IRQHandler                           0x080001b7   Thumb Code     0  startup_stm32f407xx.o(.text)
    HASH_RNG_IRQHandler                      0x080001b7   Thumb Code     0  startup_stm32f407xx.o(.text)
    I2C1_ER_IRQHandler                       0x080001b7   Thumb Code     0  startup_stm32f407xx.o(.text)
    I2C2_ER_IRQHandler                       0x080001b7   Thumb Code     0  startup_stm32f407xx.o(.text)
    I2C2_EV_IRQHandler                       0x080001b7   Thumb Code     0  startup_stm32f407xx.o(.text)
    I2C3_ER_IRQHandler                       0x080001b7   Thumb Code     0  startup_stm32f407xx.o(.text)
    I2C3_EV_IRQHandler                       0x080001b7   Thumb Code     0  startup_stm32f407xx.o(.text)
    OTG_FS_IRQHandler                        0x080001b7   Thumb Code     0  startup_stm32f407xx.o(.text)
    OTG_FS_WKUP_IRQHandler                   0x080001b7   Thumb Code     0  startup_stm32f407xx.o(.text)
    OTG_HS_EP1_IN_IRQHandler                 0x080001b7   Thumb Code     0  startup_stm32f407xx.o(.text)
    OTG_HS_EP1_OUT_IRQHandler                0x080001b7   Thumb Code     0  startup_stm32f407xx.o(.text)
    OTG_HS_IRQHandler                        0x080001b7   Thumb Code     0  startup_stm32f407xx.o(.text)
    OTG_HS_WKUP_IRQHandler                   0x080001b7   Thumb Code     0  startup_stm32f407xx.o(.text)
    PVD_IRQHandler                           0x080001b7   Thumb Code     0  startup_stm32f407xx.o(.text)
    RCC_IRQHandler                           0x080001b7   Thumb Code     0  startup_stm32f407xx.o(.text)
    RTC_Alarm_IRQHandler                     0x080001b7   Thumb Code     0  startup_stm32f407xx.o(.text)
    RTC_WKUP_IRQHandler                      0x080001b7   Thumb Code     0  startup_stm32f407xx.o(.text)
    SDIO_IRQHandler                          0x080001b7   Thumb Code     0  startup_stm32f407xx.o(.text)
    SPI1_IRQHandler                          0x080001b7   Thumb Code     0  startup_stm32f407xx.o(.text)
    SPI2_IRQHandler                          0x080001b7   Thumb Code     0  startup_stm32f407xx.o(.text)
    SPI3_IRQHandler                          0x080001b7   Thumb Code     0  startup_stm32f407xx.o(.text)
    TAMP_STAMP_IRQHandler                    0x080001b7   Thumb Code     0  startup_stm32f407xx.o(.text)
    TIM1_BRK_TIM9_IRQHandler                 0x080001b7   Thumb Code     0  startup_stm32f407xx.o(.text)
    TIM1_CC_IRQHandler                       0x080001b7   Thumb Code     0  startup_stm32f407xx.o(.text)
    TIM1_TRG_COM_TIM11_IRQHandler            0x080001b7   Thumb Code     0  startup_stm32f407xx.o(.text)
    TIM1_UP_TIM10_IRQHandler                 0x080001b7   Thumb Code     0  startup_stm32f407xx.o(.text)
    TIM4_IRQHandler                          0x080001b7   Thumb Code     0  startup_stm32f407xx.o(.text)
    TIM5_IRQHandler                          0x080001b7   Thumb Code     0  startup_stm32f407xx.o(.text)
    TIM6_DAC_IRQHandler                      0x080001b7   Thumb Code     0  startup_stm32f407xx.o(.text)
    TIM7_IRQHandler                          0x080001b7   Thumb Code     0  startup_stm32f407xx.o(.text)
    TIM8_BRK_TIM12_IRQHandler                0x080001b7   Thumb Code     0  startup_stm32f407xx.o(.text)
    TIM8_CC_IRQHandler                       0x080001b7   Thumb Code     0  startup_stm32f407xx.o(.text)
    TIM8_TRG_COM_TIM14_IRQHandler            0x080001b7   Thumb Code     0  startup_stm32f407xx.o(.text)
    TIM8_UP_TIM13_IRQHandler                 0x080001b7   Thumb Code     0  startup_stm32f407xx.o(.text)
    UART4_IRQHandler                         0x080001b7   Thumb Code     0  startup_stm32f407xx.o(.text)
    UART5_IRQHandler                         0x080001b7   Thumb Code     0  startup_stm32f407xx.o(.text)
    USART1_IRQHandler                        0x080001b7   Thumb Code     0  startup_stm32f407xx.o(.text)
    USART2_IRQHandler                        0x080001b7   Thumb Code     0  startup_stm32f407xx.o(.text)
    USART3_IRQHandler                        0x080001b7   Thumb Code     0  startup_stm32f407xx.o(.text)
    USART6_IRQHandler                        0x080001b7   Thumb Code     0  startup_stm32f407xx.o(.text)
    WWDG_IRQHandler                          0x080001b7   Thumb Code     0  startup_stm32f407xx.o(.text)
    __aeabi_uldivmod                         0x080001c1   Thumb Code    98  uldiv.o(.text)
    __aeabi_memcpy                           0x08000223   Thumb Code    36  memcpya.o(.text)
    __aeabi_memcpy4                          0x08000223   Thumb Code     0  memcpya.o(.text)
    __aeabi_memcpy8                          0x08000223   Thumb Code     0  memcpya.o(.text)
    __aeabi_dadd                             0x08000247   Thumb Code   322  dadd.o(.text)
    __aeabi_dsub                             0x08000389   Thumb Code     6  dadd.o(.text)
    __aeabi_drsub                            0x0800038f   Thumb Code     6  dadd.o(.text)
    __aeabi_dmul                             0x08000395   Thumb Code   228  dmul.o(.text)
    __aeabi_ddiv                             0x08000479   Thumb Code   222  ddiv.o(.text)
    __aeabi_ul2f                             0x08000557   Thumb Code    28  ffltul.o(.text)
    __aeabi_i2d                              0x08000573   Thumb Code    34  dflti.o(.text)
    __aeabi_ui2d                             0x08000595   Thumb Code    26  dfltui.o(.text)
    __aeabi_d2iz                             0x080005af   Thumb Code    62  dfixi.o(.text)
    __aeabi_f2d                              0x080005ed   Thumb Code    38  f2d.o(.text)
    __aeabi_cdcmpeq                          0x08000615   Thumb Code     0  cdcmple.o(.text)
    __aeabi_cdcmple                          0x08000615   Thumb Code    48  cdcmple.o(.text)
    __aeabi_d2f                              0x08000645   Thumb Code    56  d2f.o(.text)
    __aeabi_uidiv                            0x0800067d   Thumb Code     0  uidiv.o(.text)
    __aeabi_uidivmod                         0x0800067d   Thumb Code    44  uidiv.o(.text)
    __aeabi_llsl                             0x080006a9   Thumb Code    30  llshl.o(.text)
    _ll_shift_l                              0x080006a9   Thumb Code     0  llshl.o(.text)
    __aeabi_llsr                             0x080006c7   Thumb Code    32  llushr.o(.text)
    _ll_ushift_r                             0x080006c7   Thumb Code     0  llushr.o(.text)
    __aeabi_lasr                             0x080006e7   Thumb Code    36  llsshr.o(.text)
    _ll_sshift_r                             0x080006e7   Thumb Code     0  llsshr.o(.text)
    __I$use$fp                               0x0800070b   Thumb Code     0  iusefp.o(.text)
    _float_round                             0x0800070b   Thumb Code    18  fepilogue.o(.text)
    _float_epilogue                          0x0800071d   Thumb Code    92  fepilogue.o(.text)
    _double_round                            0x08000779   Thumb Code    30  depilogue.o(.text)
    _double_epilogue                         0x08000797   Thumb Code   156  depilogue.o(.text)
    __ARM_scalbn                             0x08000833   Thumb Code    46  dscalb.o(.text)
    scalbn                                   0x08000833   Thumb Code     0  dscalb.o(.text)
    _dsqrt                                   0x08000861   Thumb Code   162  dsqrt.o(.text)
    __aeabi_d2ulz                            0x08000903   Thumb Code    48  dfixul.o(.text)
    __aeabi_cdrcmple                         0x08000935   Thumb Code    48  cdrcmple.o(.text)
    __scatterload                            0x08000965   Thumb Code    28  init.o(.text)
    __scatterload_rt2                        0x08000965   Thumb Code     0  init.o(.text)
    Calculate_Static_Acc                     0x08000ae5   Thumb Code   250  imu.o(i.Calculate_Static_Acc)
    Cam_Kalman_init                          0x08000be5   Thumb Code   180  odometery.o(i.Cam_Kalman_init)
    Check_MPC_IRQ                            0x08000ca9   Thumb Code    46  mpc.o(i.Check_MPC_IRQ)
    Check_battery                            0x08000cd9   Thumb Code   136  main.o(i.Check_battery)
    Control                                  0x08000d75   Thumb Code   334  control.o(i.Control)
    Control_Altitude_Velocity                0x08000ec9   Thumb Code   456  control.o(i.Control_Altitude_Velocity)
    DMA1_Stream2_IRQHandler                  0x080010e1   Thumb Code     6  stm32f4xx_it.o(i.DMA1_Stream2_IRQHandler)
    DMA2_Stream2_IRQHandler                  0x080010ed   Thumb Code     6  stm32f4xx_it.o(i.DMA2_Stream2_IRQHandler)
    EEPROM_Read_int16_t                      0x08001121   Thumb Code    32  eeprom.o(i.EEPROM_Read_int16_t)
    EEPROM_Write_int16_t                     0x08001149   Thumb Code    36  eeprom.o(i.EEPROM_Write_int16_t)
    EXTI1_IRQHandler                         0x08001175   Thumb Code     6  stm32f4xx_it.o(i.EXTI1_IRQHandler)
    First_Person_control                     0x0800117d   Thumb Code   228  control.o(i.First_Person_control)
    Fuzzy_Gain                               0x08001265   Thumb Code   186  control.o(i.Fuzzy_Gain)
    HAL_ADC_ConfigChannel                    0x0800133d   Thumb Code   288  stm32f4xx_hal_adc.o(i.HAL_ADC_ConfigChannel)
    HAL_ADC_ConvCpltCallback                 0x08001461   Thumb Code     2  stm32f4xx_hal_adc.o(i.HAL_ADC_ConvCpltCallback)
    HAL_ADC_ConvHalfCpltCallback             0x08001463   Thumb Code     2  stm32f4xx_hal_adc.o(i.HAL_ADC_ConvHalfCpltCallback)
    HAL_ADC_ErrorCallback                    0x08001465   Thumb Code     2  stm32f4xx_hal_adc.o(i.HAL_ADC_ErrorCallback)
    HAL_ADC_Init                             0x08001467   Thumb Code    52  stm32f4xx_hal_adc.o(i.HAL_ADC_Init)
    HAL_ADC_MspInit                          0x0800149d   Thumb Code    88  stm32f4xx_hal_msp.o(i.HAL_ADC_MspInit)
    HAL_ADC_Start_DMA                        0x08001509   Thumb Code   138  stm32f4xx_hal_adc.o(i.HAL_ADC_Start_DMA)
    HAL_DMA_IRQHandler                       0x080015a1   Thumb Code  3940  stm32f4xx_hal_dma.o(i.HAL_DMA_IRQHandler)
    HAL_DMA_Init                             0x0800250d   Thumb Code   108  stm32f4xx_hal_dma.o(i.HAL_DMA_Init)
    HAL_DMA_Start_IT                         0x0800257d   Thumb Code   108  stm32f4xx_hal_dma.o(i.HAL_DMA_Start_IT)
    HAL_Delay                                0x080025e9   Thumb Code    22  stm32f4xx_hal.o(i.HAL_Delay)
    HAL_GPIO_EXTI_Callback                   0x08002601   Thumb Code    92  main.o(i.HAL_GPIO_EXTI_Callback)
    HAL_GPIO_EXTI_IRQHandler                 0x08002669   Thumb Code    18  stm32f4xx_hal_gpio.o(i.HAL_GPIO_EXTI_IRQHandler)
    HAL_GPIO_Init                            0x08002681   Thumb Code   390  stm32f4xx_hal_gpio.o(i.HAL_GPIO_Init)
    HAL_GPIO_ReadPin                         0x08002839   Thumb Code    10  stm32f4xx_hal_gpio.o(i.HAL_GPIO_ReadPin)
    HAL_GPIO_TogglePin                       0x08002843   Thumb Code     8  stm32f4xx_hal_gpio.o(i.HAL_GPIO_TogglePin)
    HAL_GPIO_WritePin                        0x0800284b   Thumb Code    10  stm32f4xx_hal_gpio.o(i.HAL_GPIO_WritePin)
    HAL_GetTick                              0x08002855   Thumb Code     6  stm32f4xx_hal.o(i.HAL_GetTick)
    HAL_I2C_EV_IRQHandler                    0x08002861   Thumb Code   380  stm32f4xx_hal_i2c.o(i.HAL_I2C_EV_IRQHandler)
    HAL_I2C_Init                             0x080029e1   Thumb Code   246  stm32f4xx_hal_i2c.o(i.HAL_I2C_Init)
    HAL_I2C_MasterRxCpltCallback             0x08002ae1   Thumb Code     8  main.o(i.HAL_I2C_MasterRxCpltCallback)
    HAL_I2C_MasterTxCpltCallback             0x08002aed   Thumb Code     2  stm32f4xx_hal_i2c.o(i.HAL_I2C_MasterTxCpltCallback)
    HAL_I2C_Master_Receive                   0x08002af1   Thumb Code   442  stm32f4xx_hal_i2c.o(i.HAL_I2C_Master_Receive)
    HAL_I2C_Master_Transmit                  0x08002cb5   Thumb Code   210  stm32f4xx_hal_i2c.o(i.HAL_I2C_Master_Transmit)
    HAL_I2C_MemRxCpltCallback                0x08002d91   Thumb Code     2  stm32f4xx_hal_i2c.o(i.HAL_I2C_MemRxCpltCallback)
    HAL_I2C_MemTxCpltCallback                0x08002d93   Thumb Code     2  stm32f4xx_hal_i2c.o(i.HAL_I2C_MemTxCpltCallback)
    HAL_I2C_Mem_Read                         0x08002d95   Thumb Code   432  stm32f4xx_hal_i2c.o(i.HAL_I2C_Mem_Read)
    HAL_I2C_Mem_Write                        0x08002f4d   Thumb Code   204  stm32f4xx_hal_i2c.o(i.HAL_I2C_Mem_Write)
    HAL_I2C_MspInit                          0x08003021   Thumb Code    70  stm32f4xx_hal_msp.o(i.HAL_I2C_MspInit)
    HAL_I2C_SlaveRxCpltCallback              0x08003075   Thumb Code     2  stm32f4xx_hal_i2c.o(i.HAL_I2C_SlaveRxCpltCallback)
    HAL_IncTick                              0x08003079   Thumb Code    10  stm32f4xx_hal.o(i.HAL_IncTick)
    HAL_Init                                 0x08003089   Thumb Code    48  stm32f4xx_hal.o(i.HAL_Init)
    HAL_InitTick                             0x080030bd   Thumb Code    34  stm32f4xx_hal.o(i.HAL_InitTick)
    HAL_MspInit                              0x080030df   Thumb Code    22  stm32f4xx_hal_msp.o(i.HAL_MspInit)
    HAL_NVIC_DisableIRQ                      0x080030f5   Thumb Code    22  stm32f4xx_hal_cortex.o(i.HAL_NVIC_DisableIRQ)
    HAL_NVIC_EnableIRQ                       0x0800310b   Thumb Code    22  stm32f4xx_hal_cortex.o(i.HAL_NVIC_EnableIRQ)
    HAL_NVIC_SetPriority                     0x08003121   Thumb Code    60  stm32f4xx_hal_cortex.o(i.HAL_NVIC_SetPriority)
    HAL_NVIC_SetPriorityGrouping             0x08003161   Thumb Code    26  stm32f4xx_hal_cortex.o(i.HAL_NVIC_SetPriorityGrouping)
    HAL_RCC_ClockConfig                      0x08003185   Thumb Code   432  stm32f4xx_hal_rcc.o(i.HAL_RCC_ClockConfig)
    HAL_RCC_GetHCLKFreq                      0x0800333d   Thumb Code    38  stm32f4xx_hal_rcc.o(i.HAL_RCC_GetHCLKFreq)
    HAL_RCC_GetPCLK1Freq                     0x08003371   Thumb Code    36  stm32f4xx_hal_rcc.o(i.HAL_RCC_GetPCLK1Freq)
    HAL_RCC_GetPCLK2Freq                     0x0800339d   Thumb Code    36  stm32f4xx_hal_rcc.o(i.HAL_RCC_GetPCLK2Freq)
    HAL_RCC_GetSysClockFreq                  0x080033c9   Thumb Code   104  stm32f4xx_hal_rcc.o(i.HAL_RCC_GetSysClockFreq)
    HAL_RCC_OscConfig                        0x0800343d   Thumb Code   798  stm32f4xx_hal_rcc.o(i.HAL_RCC_OscConfig)
    HAL_SYSTICK_Callback                     0x08003771   Thumb Code     2  stm32f4xx_hal_cortex.o(i.HAL_SYSTICK_Callback)
    HAL_SYSTICK_Config                       0x08003773   Thumb Code    40  stm32f4xx_hal_cortex.o(i.HAL_SYSTICK_Config)
    HAL_SYSTICK_IRQHandler                   0x0800379b   Thumb Code     8  stm32f4xx_hal_cortex.o(i.HAL_SYSTICK_IRQHandler)
    HAL_TIMEx_BreakCallback                  0x080037a3   Thumb Code     2  stm32f4xx_hal_tim_ex.o(i.HAL_TIMEx_BreakCallback)
    HAL_TIMEx_CommutationCallback            0x080037a5   Thumb Code     2  stm32f4xx_hal_tim_ex.o(i.HAL_TIMEx_CommutationCallback)
    HAL_TIMEx_MasterConfigSynchronization    0x080037a7   Thumb Code    80  stm32f4xx_hal_tim_ex.o(i.HAL_TIMEx_MasterConfigSynchronization)
    HAL_TIM_Base_Init                        0x080037f7   Thumb Code    48  stm32f4xx_hal_tim.o(i.HAL_TIM_Base_Init)
    HAL_TIM_Base_MspInit                     0x08003829   Thumb Code   136  stm32f4xx_hal_msp.o(i.HAL_TIM_Base_MspInit)
    HAL_TIM_Base_Start                       0x080038c9   Thumb Code    26  stm32f4xx_hal_tim.o(i.HAL_TIM_Base_Start)
    HAL_TIM_Base_Start_IT                    0x080038e3   Thumb Code    24  stm32f4xx_hal_tim.o(i.HAL_TIM_Base_Start_IT)
    HAL_TIM_ConfigClockSource                0x080038fb   Thumb Code   242  stm32f4xx_hal_tim.o(i.HAL_TIM_ConfigClockSource)
    HAL_TIM_IC_CaptureCallback               0x080039ed   Thumb Code     2  stm32f4xx_hal_tim.o(i.HAL_TIM_IC_CaptureCallback)
    HAL_TIM_IRQHandler                       0x080039ef   Thumb Code   358  stm32f4xx_hal_tim.o(i.HAL_TIM_IRQHandler)
    HAL_TIM_OC_ConfigChannel                 0x08003b55   Thumb Code    86  stm32f4xx_hal_tim.o(i.HAL_TIM_OC_ConfigChannel)
    HAL_TIM_OC_DelayElapsedCallback          0x08003bad   Thumb Code    30  main.o(i.HAL_TIM_OC_DelayElapsedCallback)
    HAL_TIM_OC_Init                          0x08003bd5   Thumb Code    48  stm32f4xx_hal_tim.o(i.HAL_TIM_OC_Init)
    HAL_TIM_OC_MspInit                       0x08003c05   Thumb Code     2  stm32f4xx_hal_tim.o(i.HAL_TIM_OC_MspInit)
    HAL_TIM_OC_Start_IT                      0x08003c09   Thumb Code    98  stm32f4xx_hal_tim.o(i.HAL_TIM_OC_Start_IT)
    HAL_TIM_PWM_ConfigChannel                0x08003c75   Thumb Code   208  stm32f4xx_hal_tim.o(i.HAL_TIM_PWM_ConfigChannel)
    HAL_TIM_PWM_Init                         0x08003d45   Thumb Code    48  stm32f4xx_hal_tim.o(i.HAL_TIM_PWM_Init)
    HAL_TIM_PWM_MspInit                      0x08003d75   Thumb Code     2  stm32f4xx_hal_tim.o(i.HAL_TIM_PWM_MspInit)
    HAL_TIM_PWM_PulseFinishedCallback        0x08003d77   Thumb Code     2  stm32f4xx_hal_tim.o(i.HAL_TIM_PWM_PulseFinishedCallback)
    HAL_TIM_PWM_Start                        0x08003d79   Thumb Code    48  stm32f4xx_hal_tim.o(i.HAL_TIM_PWM_Start)
    HAL_TIM_PeriodElapsedCallback            0x08003db1   Thumb Code     2  stm32f4xx_hal_tim.o(i.HAL_TIM_PeriodElapsedCallback)
    HAL_TIM_TriggerCallback                  0x08003db3   Thumb Code     2  stm32f4xx_hal_tim.o(i.HAL_TIM_TriggerCallback)
    HAL_UART_ErrorCallback                   0x08003db5   Thumb Code     2  stm32f4xx_hal_uart.o(i.HAL_UART_ErrorCallback)
    HAL_UART_Init                            0x08003db7   Thumb Code    90  stm32f4xx_hal_uart.o(i.HAL_UART_Init)
    HAL_UART_MspInit                         0x08003e11   Thumb Code   182  stm32f4xx_hal_msp.o(i.HAL_UART_MspInit)
    HAL_UART_Receive_DMA                     0x08003eed   Thumb Code   122  stm32f4xx_hal_uart.o(i.HAL_UART_Receive_DMA)
    HAL_UART_RxCpltCallback                  0x08003f75   Thumb Code    46  main.o(i.HAL_UART_RxCpltCallback)
    HAL_UART_RxHalfCpltCallback              0x08003fbd   Thumb Code     2  stm32f4xx_hal_uart.o(i.HAL_UART_RxHalfCpltCallback)
    HAL_UART_Transmit                        0x08003fc1   Thumb Code   204  stm32f4xx_hal_uart.o(i.HAL_UART_Transmit)
    I2C1_EV_IRQHandler                       0x0800408d   Thumb Code     6  stm32f4xx_it.o(i.I2C1_EV_IRQHandler)
    Led_Beat                                 0x080045dd   Thumb Code   186  main.o(i.Led_Beat)
    MS5611_2_Height                          0x080046ad   Thumb Code   176  ms5611.o(i.MS5611_2_Height)
    MS5611_Read                              0x08004775   Thumb Code   258  ms5611.o(i.MS5611_Read)
    MS5611_Read_Prom                         0x08004879   Thumb Code    76  ms5611.o(i.MS5611_Read_Prom)
    MS5611_calcute                           0x080048c5   Thumb Code   200  ms5611.o(i.MS5611_calcute)
    MS5611_calib                             0x08004995   Thumb Code   284  ms5611.o(i.MS5611_calib)
    MS5611_init                              0x08004ac5   Thumb Code    64  ms5611.o(i.MS5611_init)
    MX_TIM13_Init                            0x08004be9   Thumb Code    66  main.o(i.MX_TIM13_Init)
    M_I2C_Init                               0x08004d6d   Thumb Code   238  main.o(i.M_I2C_Init)
    M_I2C_init                               0x08004e65   Thumb Code   300  main.o(i.M_I2C_init)
    MahonyAHRSupdateIMU                      0x08004fb1   Thumb Code   344  imu.o(i.MahonyAHRSupdateIMU)
    Motor                                    0x08005115   Thumb Code   176  control.o(i.Motor)
    Mpc_Empty_Data                           0x080051cd   Thumb Code    44  mpc.o(i.Mpc_Empty_Data)
    Mpc_Fill_Data                            0x080051f9   Thumb Code    78  mpc.o(i.Mpc_Fill_Data)
    Mpc_Send_Data                            0x08005249   Thumb Code    56  mpc.o(i.Mpc_Send_Data)
    Mpc_decode                               0x08005285   Thumb Code   188  mpc.o(i.Mpc_decode)
    Mpu_Read                                 0x08005341   Thumb Code    32  mpu6050.o(i.Mpu_Read)
    Mpu_Read_acc                             0x08005361   Thumb Code   182  mpu6050.o(i.Mpu_Read_acc)
    Mpu_Read_gyro                            0x08005421   Thumb Code   248  mpu6050.o(i.Mpu_Read_gyro)
    Mpu_Write                                0x08005529   Thumb Code    30  mpu6050.o(i.Mpu_Write)
    Mpu_update                               0x08005547   Thumb Code    24  mpu6050.o(i.Mpu_update)
    NrF_Fill_Data                            0x08005581   Thumb Code    78  nrf.o(i.NrF_Fill_Data)
    Nrf_                                     0x080055cf   Thumb Code    20  nrf.o(i.Nrf_)
    Nrf_Empty_Data                           0x080055e3   Thumb Code    44  nrf.o(i.Nrf_Empty_Data)
    Nrf_Init                                 0x0800560f   Thumb Code    62  nrf.o(i.Nrf_Init)
    Nrf_Send_Data                            0x0800564d   Thumb Code    92  nrf.o(i.Nrf_Send_Data)
    Nrf_Tele                                 0x080056a9   Thumb Code  3634  nrf.o(i.Nrf_Tele)
    Ping_RC_IMU                              0x080064dd   Thumb Code   372  main.o(i.Ping_RC_IMU)
    Point2Controller                         0x08006675   Thumb Code   352  control.o(i.Point2Controller)
    Pwm_frq                                  0x08006815   Thumb Code    70  control.o(i.Pwm_frq)
    Pwm_set                                  0x08006865   Thumb Code    76  control.o(i.Pwm_set)
    Quad_Off                                 0x080068b5   Thumb Code    26  control.o(i.Quad_Off)
    Quad_On                                  0x080068dd   Thumb Code    42  control.o(i.Quad_On)
    RC_2_SetPoint                            0x08006919   Thumb Code   858  rc.o(i.RC_2_SetPoint)
    RC_Calib                                 0x08006c95   Thumb Code   512  rc.o(i.RC_Calib)
    RC_Init                                  0x08006f35   Thumb Code    72  rc.o(i.RC_Init)
    RC_Read                                  0x08006f7d   Thumb Code   112  rc.o(i.RC_Read)
    RC_Read_EEPROM                           0x08006fed   Thumb Code   220  rc.o(i.RC_Read_EEPROM)
    Rc2Controller                            0x08007121   Thumb Code   110  control.o(i.Rc2Controller)
    Read_Gain                                0x080071a1   Thumb Code   208  control.o(i.Read_Gain)
    Read_Srf                                 0x08007271   Thumb Code   380  altitude.o(i.Read_Srf)
    Scaling_Cam_POS                          0x08007419   Thumb Code    98  odometery.o(i.Scaling_Cam_POS)
    Servo_Set_Angle                          0x0800748d   Thumb Code    18  control.o(i.Servo_Set_Angle)
    Servo_init                               0x080074a1   Thumb Code    52  control.o(i.Servo_init)
    Set_Gain                                 0x080074dd   Thumb Code   310  control.o(i.Set_Gain)
    Set_zero_system_state                    0x08007615   Thumb Code   172  control.o(i.Set_zero_system_state)
    SysTick_Handler                          0x080076cd   Thumb Code    14  stm32f4xx_it.o(i.SysTick_Handler)
    SystemClock_Config                       0x080076dd   Thumb Code    92  main.o(i.SystemClock_Config)
    SystemInit                               0x08007741   Thumb Code    66  system_stm32f4xx.o(i.SystemInit)
    TIM2_IRQHandler                          0x08007795   Thumb Code     6  stm32f4xx_it.o(i.TIM2_IRQHandler)
    TIM3_IRQHandler                          0x080077a1   Thumb Code     6  stm32f4xx_it.o(i.TIM3_IRQHandler)
    TIM_Base_SetConfig                       0x080077ad   Thumb Code   148  stm32f4xx_hal_tim.o(i.TIM_Base_SetConfig)
    TIM_CCxChannelCmd                        0x0800786d   Thumb Code    22  stm32f4xx_hal_tim.o(i.TIM_CCxChannelCmd)
    TIM_OC2_SetConfig                        0x08007901   Thumb Code    90  stm32f4xx_hal_tim.o(i.TIM_OC2_SetConfig)
    UART_send_buffer                         0x08007cc5   Thumb Code    12  telemetri.o(i.UART_send_buffer)
    Update_Euler_angles                      0x08007cd9   Thumb Code   714  imu.o(i.Update_Euler_angles)
    Update_Gravity                           0x08007fd1   Thumb Code   164  mpu6050.o(i.Update_Gravity)
    Update_IMU_Data_Mahony                   0x0800807d   Thumb Code    52  imu.o(i.Update_IMU_Data_Mahony)
    Update_Kalman1x1                         0x080080b1   Thumb Code    82  kalman.o(i.Update_Kalman1x1)
    Vel_z                                    0x08008105   Thumb Code   288  altitude.o(i.Vel_z)
    Velocity_Control                         0x08008261   Thumb Code   162  control.o(i.Velocity_Control)
    __0sprintf                               0x08008319   Thumb Code    34  printfa.o(i.__0sprintf)
    __1sprintf                               0x08008319   Thumb Code     0  printfa.o(i.__0sprintf)
    __2sprintf                               0x08008319   Thumb Code     0  printfa.o(i.__0sprintf)
    __c89sprintf                             0x08008319   Thumb Code     0  printfa.o(i.__0sprintf)
    sprintf                                  0x08008319   Thumb Code     0  printfa.o(i.__0sprintf)
    __ARM_fpclassify                         0x08008341   Thumb Code    48  fpclassify.o(i.__ARM_fpclassify)
    __hardfp_asin                            0x08008371   Thumb Code   770  asin.o(i.__hardfp_asin)
    __hardfp_atan                            0x080086d1   Thumb Code   622  atan.o(i.__hardfp_atan)
    __hardfp_atan2                           0x080089a9   Thumb Code   432  atan2.o(i.__hardfp_atan2)
    __hardfp_cos                             0x08008b99   Thumb Code   180  cos.o(i.__hardfp_cos)
    __hardfp_fabs                            0x08008c61   Thumb Code    20  fabs.o(i.__hardfp_fabs)
    __hardfp_pow                             0x08008c79   Thumb Code  3044  pow.o(i.__hardfp_pow)
    __hardfp_sin                             0x080098b1   Thumb Code   180  sin.o(i.__hardfp_sin)
    __hardfp_sqrt                            0x08009979   Thumb Code   122  sqrt.o(i.__hardfp_sqrt)
    __hardfp_tan                             0x080099f9   Thumb Code   108  tan.o(i.__hardfp_tan)
    __ieee754_rem_pio2                       0x08009a79   Thumb Code   938  rred.o(i.__ieee754_rem_pio2)
    __kernel_cos                             0x08009eb1   Thumb Code   322  cos_i.o(i.__kernel_cos)
    __kernel_poly                            0x0800a021   Thumb Code   248  poly.o(i.__kernel_poly)
    __kernel_sin                             0x0800a119   Thumb Code   280  sin_i.o(i.__kernel_sin)
    __kernel_tan                             0x0800a249   Thumb Code   764  tan_i.o(i.__kernel_tan)
    __mathlib_dbl_divzero                    0x0800a599   Thumb Code    28  dunder.o(i.__mathlib_dbl_divzero)
    __mathlib_dbl_infnan                     0x0800a5c9   Thumb Code    20  dunder.o(i.__mathlib_dbl_infnan)
    __mathlib_dbl_infnan2                    0x0800a5dd   Thumb Code    20  dunder.o(i.__mathlib_dbl_infnan2)
    __mathlib_dbl_invalid                    0x0800a5f1   Thumb Code    24  dunder.o(i.__mathlib_dbl_invalid)
    __mathlib_dbl_overflow                   0x0800a611   Thumb Code    24  dunder.o(i.__mathlib_dbl_overflow)
    __mathlib_dbl_underflow                  0x0800a631   Thumb Code    24  dunder.o(i.__mathlib_dbl_underflow)
    __scatterload_copy                       0x0800a651   Thumb Code    14  handlers.o(i.__scatterload_copy)
    __scatterload_null                       0x0800a65f   Thumb Code     2  handlers.o(i.__scatterload_null)
    __scatterload_zeroinit                   0x0800a661   Thumb Code    14  handlers.o(i.__scatterload_zeroinit)
    __set_errno                              0x0800a671   Thumb Code     6  errno.o(i.__set_errno)
    atan                                     0x0800af19   Thumb Code    16  atan.o(i.atan)
    control_init_                            0x0800af29   Thumb Code  1328  control.o(i.control_init_)
    do_optical_par                           0x0800b461   Thumb Code   742  par_optical.o(i.do_optical_par)
    fabs                                     0x0800b789   Thumb Code    24  fabs.o(i.fabs)
    fsign                                    0x0800b7a1   Thumb Code    38  rc.o(i.fsign)
    gyro_calib                               0x0800b7cd   Thumb Code   298  mpu6050.o(i.gyro_calib)
    init_mpu                                 0x0800b949   Thumb Code   302  mpu6050.o(i.init_mpu)
    invSqrt                                  0x0800ba89   Thumb Code    40  imu.o(i.invSqrt)
    main                                     0x0800bab5   Thumb Code  1744  main.o(i.main)
    optical_kalman_init                      0x0800c1b1   Thumb Code    58  par_optical.o(i.optical_kalman_init)
    ping_mpu                                 0x0800c1f9   Thumb Code    40  mpu6050.o(i.ping_mpu)
    sqrt                                     0x0800c221   Thumb Code   110  sqrt.o(i.sqrt)
    ultra_filter_lpf                         0x0800c291   Thumb Code   172  altitude.o(i.ultra_filter_lpf)
    update_Accel_weight                      0x0800c35d   Thumb Code   362  imu.o(i.update_Accel_weight)
    APBAHBPrescTable                         0x0800c520   Data          16  stm32f4xx_hal_rcc.o(.constdata)
    __mathlib_zero                           0x0800c6d0   Data           8  qnan.o(.constdata)
    Region$$Table$$Base                      0x0800c828   Number         0  anon$$obj.o(Region$$Table)
    Region$$Table$$Limit                     0x0800c848   Number         0  anon$$obj.o(Region$$Table)
    Led_Level                                0x20000004   Data           4  main.o(.data)
    Bat_                                     0x20000008   Data           4  main.o(.data)
    time                                     0x2000000c   Data           4  main.o(.data)
    time_err                                 0x20000010   Data           4  main.o(.data)
    err_time                                 0x20000014   Data           4  main.o(.data)
    omid                                     0x20000018   Data           4  main.o(.data)
    start_vel_z_kalman                       0x2000001c   Data           4  altitude.o(.data)
    counter_loop                             0x20000020   Data           4  altitude.o(.data)
    Alt_Control_run                          0x20000024   Data           4  control.o(.data)
    Alt_Setpoint_state                       0x20000028   Data           4  control.o(.data)
    Throttle_bias                            0x2000002c   Data           4  control.o(.data)
    Motor_force                              0x20000030   Data           4  control.o(.data)
    On_Ground_Altitude                       0x20000034   Data           4  control.o(.data)
    position_error                           0x20000038   Data           4  control.o(.data)
    frq                                      0x2000003c   Data           4  control.o(.data)
    resolution                               0x20000040   Data           4  control.o(.data)
    MRU                                      0x20000044   Data           4  control.o(.data)
    MLU                                      0x20000048   Data           4  control.o(.data)
    MRD                                      0x2000004c   Data           4  control.o(.data)
    MLD                                      0x20000050   Data           4  control.o(.data)
    con_                                     0x20000054   Data           2  eeprom.o(.data)
    _con                                     0x20000056   Data           2  mpu6050.o(.data)
    data_r                                   0x20000058   Data           1  telemetri.o(.data)
    station_data                             0x20000059   Data           1  telemetri.o(.data)
    counter                                  0x20000060   Data           8  telemetri.o(.data)
    lock_time                                0x20000068   Data           4  telemetri.o(.data)
    SystemCoreClock                          0x2000006c   Data           4  system_stm32f4xx.o(.data)
    AHBPrescTable                            0x20000070   Data          16  system_stm32f4xx.o(.data)
    hadc1                                    0x20000084   Data          68  main.o(.bss)
    hi2c1                                    0x200000c8   Data          60  main.o(.bss)
    htim2                                    0x20000104   Data          60  main.o(.bss)
    htim3                                    0x20000140   Data          60  main.o(.bss)
    htim14                                   0x2000017c   Data          60  main.o(.bss)
    htim13                                   0x200001b8   Data          60  main.o(.bss)
    huart4                                   0x200001f4   Data          64  main.o(.bss)
    huart1                                   0x20000234   Data          64  main.o(.bss)
    hi2c3                                    0x20000274   Data          60  main.o(.bss)
    hdma_adc1                                0x200002b0   Data          80  main.o(.bss)
    hdma_uart4_rx                            0x20000300   Data          80  main.o(.bss)
    hdma_usart1_rx                           0x20000350   Data          80  main.o(.bss)
    Ultra                                    0x200003a0   Data         104  altitude.o(.bss)
    Roll                                     0x20000408   Data         140  control.o(.bss)
    Pitch                                    0x20000494   Data         140  control.o(.bss)
    Yaw                                      0x20000520   Data         140  control.o(.bss)
    Altitude                                 0x200005ac   Data         140  control.o(.bss)
    Altitude_Velocity                        0x20000638   Data         140  control.o(.bss)
    Altitude_take_off                        0x200006c4   Data         140  control.o(.bss)
    Position                                 0x20000750   Data         420  control.o(.bss)
    Velocity                                 0x200008f4   Data         420  control.o(.bss)
    Mahony                                   0x20000a98   Data          96  imu.o(.bss)
    z_vel                                    0x20000af8   Data          44  kalman.o(.bss)
    MPC                                      0x20000b24   Data         196  mpc.o(.bss)
    Mpu                                      0x20000be8   Data         152  mpu6050.o(.bss)
    MS                                       0x20000c80   Data         160  ms5611.o(.bss)
    print__                                  0x20000d20   Data          50  nrf.o(.bss)
    NRF                                      0x20000d54   Data         128  nrf.o(.bss)
    RC                                       0x20000dd4   Data         172  rc.o(.bss)
    UART_bufferf                             0x20000e80   Data         100  telemetri.o(.bss)
    print_                                   0x20000ee4   Data          50  telemetri.o(.bss)
    Cam_Position                             0x20000f18   Data         112  odometery.o(.bss)
    Cam_X_Kalman                             0x20000f88   Data         196  odometery.o(.bss)
    Cam_Y_Kalman                             0x2000104c   Data         196  odometery.o(.bss)
    Cam_Z_Kalman                             0x20001110   Data         196  odometery.o(.bss)
    MPU_Hist                                 0x200011d4   Data         332  odometery.o(.bss)
    optical_par                              0x20001320   Data         108  par_optical.o(.bss)
    x_vel                                    0x2000138c   Data          44  par_optical.o(.bss)
    y_vel                                    0x200013b8   Data          44  par_optical.o(.bss)
    __initial_sp                             0x200017e8   Data           0  startup_stm32f407xx.o(STACK)



==============================================================================

Memory Map of the image

  Image Entry point : 0x08000189

  Load Region LR_IROM1 (Base: 0x08000000, Size: 0x0000c8cc, Max: 0x00100000, ABSOLUTE)

    Execution Region ER_IROM1 (Base: 0x08000000, Size: 0x0000c848, Max: 0x00100000, ABSOLUTE)

    Base Addr    Size         Type   Attr      Idx    E Section Name        Object

    0x08000000   0x00000188   Data   RO            3    RESET               startup_stm32f407xx.o
    0x08000188   0x00000000   Code   RO         4039  * .ARM.Collect$$$$00000000  mc_w.l(entry.o)
    0x08000188   0x00000004   Code   RO         4382    .ARM.Collect$$$$00000001  mc_w.l(entry2.o)
    0x0800018c   0x00000004   Code   RO         4385    .ARM.Collect$$$$00000004  mc_w.l(entry5.o)
    0x08000190   0x00000000   Code   RO         4387    .ARM.Collect$$$$00000008  mc_w.l(entry7b.o)
    0x08000190   0x00000000   Code   RO         4389    .ARM.Collect$$$$0000000A  mc_w.l(entry8b.o)
    0x08000190   0x00000008   Code   RO         4390    .ARM.Collect$$$$0000000B  mc_w.l(entry9a.o)
    0x08000198   0x00000000   Code   RO         4392    .ARM.Collect$$$$0000000D  mc_w.l(entry10a.o)
    0x08000198   0x00000000   Code   RO         4394    .ARM.Collect$$$$0000000F  mc_w.l(entry11a.o)
    0x08000198   0x00000004   Code   RO         4383    .ARM.Collect$$$$00002712  mc_w.l(entry2.o)
    0x0800019c   0x00000024   Code   RO            4    .text               startup_stm32f407xx.o
    0x080001c0   0x00000062   Code   RO         4042    .text               mc_w.l(uldiv.o)
    0x08000222   0x00000024   Code   RO         4044    .text               mc_w.l(memcpya.o)
    0x08000246   0x0000014e   Code   RO         4309    .text               mf_w.l(dadd.o)
    0x08000394   0x000000e4   Code   RO         4311    .text               mf_w.l(dmul.o)
    0x08000478   0x000000de   Code   RO         4313    .text               mf_w.l(ddiv.o)
    0x08000556   0x0000001c   Code   RO         4315    .text               mf_w.l(ffltul.o)
    0x08000572   0x00000022   Code   RO         4317    .text               mf_w.l(dflti.o)
    0x08000594   0x0000001a   Code   RO         4319    .text               mf_w.l(dfltui.o)
    0x080005ae   0x0000003e   Code   RO         4321    .text               mf_w.l(dfixi.o)
    0x080005ec   0x00000026   Code   RO         4323    .text               mf_w.l(f2d.o)
    0x08000612   0x00000002   PAD
    0x08000614   0x00000030   Code   RO         4325    .text               mf_w.l(cdcmple.o)
    0x08000644   0x00000038   Code   RO         4327    .text               mf_w.l(d2f.o)
    0x0800067c   0x0000002c   Code   RO         4399    .text               mc_w.l(uidiv.o)
    0x080006a8   0x0000001e   Code   RO         4401    .text               mc_w.l(llshl.o)
    0x080006c6   0x00000020   Code   RO         4403    .text               mc_w.l(llushr.o)
    0x080006e6   0x00000024   Code   RO         4405    .text               mc_w.l(llsshr.o)
    0x0800070a   0x00000000   Code   RO         4414    .text               mc_w.l(iusefp.o)
    0x0800070a   0x0000006e   Code   RO         4415    .text               mf_w.l(fepilogue.o)
    0x08000778   0x000000ba   Code   RO         4417    .text               mf_w.l(depilogue.o)
    0x08000832   0x0000002e   Code   RO         4421    .text               mf_w.l(dscalb.o)
    0x08000860   0x000000a2   Code   RO         4423    .text               mf_w.l(dsqrt.o)
    0x08000902   0x00000030   Code   RO         4425    .text               mf_w.l(dfixul.o)
    0x08000932   0x00000002   PAD
    0x08000934   0x00000030   Code   RO         4427    .text               mf_w.l(cdrcmple.o)
    0x08000964   0x00000024   Code   RO         4429    .text               mc_w.l(init.o)
    0x08000988   0x0000001e   Code   RO         2164    i.ADC_DMAConvCplt   stm32f4xx_hal_adc.o
    0x080009a6   0x00000018   Code   RO         2165    i.ADC_DMAError      stm32f4xx_hal_adc.o
    0x080009be   0x0000000a   Code   RO         2166    i.ADC_DMAHalfConvCplt  stm32f4xx_hal_adc.o
    0x080009c8   0x0000011c   Code   RO         2167    i.ADC_Init          stm32f4xx_hal_adc.o
    0x08000ae4   0x00000100   Code   RO         3337    i.Calculate_Static_Acc  imu.o
    0x08000be4   0x000000c4   Code   RO         3804    i.Cam_Kalman_init   odometery.o
    0x08000ca8   0x0000002e   Code   RO         3445    i.Check_MPC_IRQ     mpc.o
    0x08000cd6   0x00000002   PAD
    0x08000cd8   0x0000009c   Code   RO         2745    i.Check_battery     main.o
    0x08000d74   0x00000154   Code   RO         3134    i.Control           control.o
    0x08000ec8   0x00000218   Code   RO         3136    i.Control_Altitude_Velocity  control.o
    0x080010e0   0x0000000c   Code   RO         2939    i.DMA1_Stream2_IRQHandler  stm32f4xx_it.o
    0x080010ec   0x0000000c   Code   RO         2940    i.DMA2_Stream2_IRQHandler  stm32f4xx_it.o
    0x080010f8   0x00000028   Code   RO          557    i.DMA_SetConfig     stm32f4xx_hal_dma.o
    0x08001120   0x00000028   Code   RO         3293    i.EEPROM_Read_int16_t  eeprom.o
    0x08001148   0x0000002c   Code   RO         3295    i.EEPROM_Write_int16_t  eeprom.o
    0x08001174   0x00000006   Code   RO         2941    i.EXTI1_IRQHandler  stm32f4xx_it.o
    0x0800117a   0x00000002   PAD
    0x0800117c   0x000000e8   Code   RO         3137    i.First_Person_control  control.o
    0x08001264   0x000000d8   Code   RO         3138    i.Fuzzy_Gain        control.o
    0x0800133c   0x00000124   Code   RO         2169    i.HAL_ADC_ConfigChannel  stm32f4xx_hal_adc.o
    0x08001460   0x00000002   Code   RO         2170    i.HAL_ADC_ConvCpltCallback  stm32f4xx_hal_adc.o
    0x08001462   0x00000002   Code   RO         2171    i.HAL_ADC_ConvHalfCpltCallback  stm32f4xx_hal_adc.o
    0x08001464   0x00000002   Code   RO         2173    i.HAL_ADC_ErrorCallback  stm32f4xx_hal_adc.o
    0x08001466   0x00000034   Code   RO         2178    i.HAL_ADC_Init      stm32f4xx_hal_adc.o
    0x0800149a   0x00000002   PAD
    0x0800149c   0x0000006c   Code   RO         3012    i.HAL_ADC_MspInit   stm32f4xx_hal_msp.o
    0x08001508   0x00000098   Code   RO         2185    i.HAL_ADC_Start_DMA  stm32f4xx_hal_adc.o
    0x080015a0   0x00000f6c   Code   RO          562    i.HAL_DMA_IRQHandler  stm32f4xx_hal_dma.o
    0x0800250c   0x00000070   Code   RO          563    i.HAL_DMA_Init      stm32f4xx_hal_dma.o
    0x0800257c   0x0000006c   Code   RO          566    i.HAL_DMA_Start_IT  stm32f4xx_hal_dma.o
    0x080025e8   0x00000016   Code   RO           20    i.HAL_Delay         stm32f4xx_hal.o
    0x080025fe   0x00000002   PAD
    0x08002600   0x00000068   Code   RO         2746    i.HAL_GPIO_EXTI_Callback  main.o
    0x08002668   0x00000018   Code   RO         1461    i.HAL_GPIO_EXTI_IRQHandler  stm32f4xx_hal_gpio.o
    0x08002680   0x000001b8   Code   RO         1462    i.HAL_GPIO_Init     stm32f4xx_hal_gpio.o
    0x08002838   0x0000000a   Code   RO         1464    i.HAL_GPIO_ReadPin  stm32f4xx_hal_gpio.o
    0x08002842   0x00000008   Code   RO         1465    i.HAL_GPIO_TogglePin  stm32f4xx_hal_gpio.o
    0x0800284a   0x0000000a   Code   RO         1466    i.HAL_GPIO_WritePin  stm32f4xx_hal_gpio.o
    0x08002854   0x0000000c   Code   RO           26    i.HAL_GetTick       stm32f4xx_hal.o
    0x08002860   0x00000180   Code   RO          257    i.HAL_I2C_EV_IRQHandler  stm32f4xx_hal_i2c.o
    0x080029e0   0x00000100   Code   RO          261    i.HAL_I2C_Init      stm32f4xx_hal_i2c.o
    0x08002ae0   0x0000000c   Code   RO         2747    i.HAL_I2C_MasterRxCpltCallback  main.o
    0x08002aec   0x00000002   Code   RO          264    i.HAL_I2C_MasterTxCpltCallback  stm32f4xx_hal_i2c.o
    0x08002aee   0x00000002   PAD
    0x08002af0   0x000001c4   Code   RO          265    i.HAL_I2C_Master_Receive  stm32f4xx_hal_i2c.o
    0x08002cb4   0x000000dc   Code   RO          268    i.HAL_I2C_Master_Transmit  stm32f4xx_hal_i2c.o
    0x08002d90   0x00000002   Code   RO          271    i.HAL_I2C_MemRxCpltCallback  stm32f4xx_hal_i2c.o
    0x08002d92   0x00000002   Code   RO          272    i.HAL_I2C_MemTxCpltCallback  stm32f4xx_hal_i2c.o
    0x08002d94   0x000001b8   Code   RO          273    i.HAL_I2C_Mem_Read  stm32f4xx_hal_i2c.o
    0x08002f4c   0x000000d4   Code   RO          276    i.HAL_I2C_Mem_Write  stm32f4xx_hal_i2c.o
    0x08003020   0x00000054   Code   RO         3014    i.HAL_I2C_MspInit   stm32f4xx_hal_msp.o
    0x08003074   0x00000002   Code   RO          281    i.HAL_I2C_SlaveRxCpltCallback  stm32f4xx_hal_i2c.o
    0x08003076   0x00000002   PAD
    0x08003078   0x00000010   Code   RO           27    i.HAL_IncTick       stm32f4xx_hal.o
    0x08003088   0x00000034   Code   RO           28    i.HAL_Init          stm32f4xx_hal.o
    0x080030bc   0x00000022   Code   RO           29    i.HAL_InitTick      stm32f4xx_hal.o
    0x080030de   0x00000016   Code   RO         3015    i.HAL_MspInit       stm32f4xx_hal_msp.o
    0x080030f4   0x00000016   Code   RO         1644    i.HAL_NVIC_DisableIRQ  stm32f4xx_hal_cortex.o
    0x0800310a   0x00000016   Code   RO         1645    i.HAL_NVIC_EnableIRQ  stm32f4xx_hal_cortex.o
    0x08003120   0x00000040   Code   RO         1651    i.HAL_NVIC_SetPriority  stm32f4xx_hal_cortex.o
    0x08003160   0x00000024   Code   RO         1652    i.HAL_NVIC_SetPriorityGrouping  stm32f4xx_hal_cortex.o
    0x08003184   0x000001b8   Code   RO         2000    i.HAL_RCC_ClockConfig  stm32f4xx_hal_rcc.o
    0x0800333c   0x00000034   Code   RO         2005    i.HAL_RCC_GetHCLKFreq  stm32f4xx_hal_rcc.o
    0x08003370   0x0000002c   Code   RO         2007    i.HAL_RCC_GetPCLK1Freq  stm32f4xx_hal_rcc.o
    0x0800339c   0x0000002c   Code   RO         2008    i.HAL_RCC_GetPCLK2Freq  stm32f4xx_hal_rcc.o
    0x080033c8   0x00000074   Code   RO         2009    i.HAL_RCC_GetSysClockFreq  stm32f4xx_hal_rcc.o
    0x0800343c   0x00000334   Code   RO         2012    i.HAL_RCC_OscConfig  stm32f4xx_hal_rcc.o
    0x08003770   0x00000002   Code   RO         1655    i.HAL_SYSTICK_Callback  stm32f4xx_hal_cortex.o
    0x08003772   0x00000028   Code   RO         1656    i.HAL_SYSTICK_Config  stm32f4xx_hal_cortex.o
    0x0800379a   0x00000008   Code   RO         1657    i.HAL_SYSTICK_IRQHandler  stm32f4xx_hal_cortex.o
    0x080037a2   0x00000002   Code   RO         1760    i.HAL_TIMEx_BreakCallback  stm32f4xx_hal_tim_ex.o
    0x080037a4   0x00000002   Code   RO         1761    i.HAL_TIMEx_CommutationCallback  stm32f4xx_hal_tim_ex.o
    0x080037a6   0x00000050   Code   RO         1777    i.HAL_TIMEx_MasterConfigSynchronization  stm32f4xx_hal_tim_ex.o
    0x080037f6   0x00000030   Code   RO          725    i.HAL_TIM_Base_Init  stm32f4xx_hal_tim.o
    0x08003826   0x00000002   PAD
    0x08003828   0x000000a0   Code   RO         3017    i.HAL_TIM_Base_MspInit  stm32f4xx_hal_msp.o
    0x080038c8   0x0000001a   Code   RO          728    i.HAL_TIM_Base_Start  stm32f4xx_hal_tim.o
    0x080038e2   0x00000018   Code   RO          730    i.HAL_TIM_Base_Start_IT  stm32f4xx_hal_tim.o
    0x080038fa   0x000000f2   Code   RO          734    i.HAL_TIM_ConfigClockSource  stm32f4xx_hal_tim.o
    0x080039ec   0x00000002   Code   RO          754    i.HAL_TIM_IC_CaptureCallback  stm32f4xx_hal_tim.o
    0x080039ee   0x00000166   Code   RO          767    i.HAL_TIM_IRQHandler  stm32f4xx_hal_tim.o
    0x08003b54   0x00000056   Code   RO          768    i.HAL_TIM_OC_ConfigChannel  stm32f4xx_hal_tim.o
    0x08003baa   0x00000002   PAD
    0x08003bac   0x00000028   Code   RO         2748    i.HAL_TIM_OC_DelayElapsedCallback  main.o
    0x08003bd4   0x00000030   Code   RO          772    i.HAL_TIM_OC_Init   stm32f4xx_hal_tim.o
    0x08003c04   0x00000002   Code   RO          774    i.HAL_TIM_OC_MspInit  stm32f4xx_hal_tim.o
    0x08003c06   0x00000002   PAD
    0x08003c08   0x0000006c   Code   RO          777    i.HAL_TIM_OC_Start_IT  stm32f4xx_hal_tim.o
    0x08003c74   0x000000d0   Code   RO          791    i.HAL_TIM_PWM_ConfigChannel  stm32f4xx_hal_tim.o
    0x08003d44   0x00000030   Code   RO          794    i.HAL_TIM_PWM_Init  stm32f4xx_hal_tim.o
    0x08003d74   0x00000002   Code   RO          796    i.HAL_TIM_PWM_MspInit  stm32f4xx_hal_tim.o
    0x08003d76   0x00000002   Code   RO          797    i.HAL_TIM_PWM_PulseFinishedCallback  stm32f4xx_hal_tim.o
    0x08003d78   0x00000038   Code   RO          798    i.HAL_TIM_PWM_Start  stm32f4xx_hal_tim.o
    0x08003db0   0x00000002   Code   RO          804    i.HAL_TIM_PeriodElapsedCallback  stm32f4xx_hal_tim.o
    0x08003db2   0x00000002   Code   RO          808    i.HAL_TIM_TriggerCallback  stm32f4xx_hal_tim.o
    0x08003db4   0x00000002   Code   RO         2520    i.HAL_UART_ErrorCallback  stm32f4xx_hal_uart.o
    0x08003db6   0x0000005a   Code   RO         2524    i.HAL_UART_Init     stm32f4xx_hal_uart.o
    0x08003e10   0x000000dc   Code   RO         3019    i.HAL_UART_MspInit  stm32f4xx_hal_msp.o
    0x08003eec   0x00000088   Code   RO         2528    i.HAL_UART_Receive_DMA  stm32f4xx_hal_uart.o
    0x08003f74   0x00000048   Code   RO         2749    i.HAL_UART_RxCpltCallback  main.o
    0x08003fbc   0x00000002   Code   RO         2531    i.HAL_UART_RxHalfCpltCallback  stm32f4xx_hal_uart.o
    0x08003fbe   0x00000002   PAD
    0x08003fc0   0x000000cc   Code   RO         2532    i.HAL_UART_Transmit  stm32f4xx_hal_uart.o
    0x0800408c   0x0000000c   Code   RO         2942    i.I2C1_EV_IRQHandler  stm32f4xx_it.o
    0x08004098   0x000000a4   Code   RO          296    i.I2C_MasterReceive_BTF  stm32f4xx_hal_i2c.o
    0x0800413c   0x00000088   Code   RO          297    i.I2C_MasterReceive_RXNE  stm32f4xx_hal_i2c.o
    0x080041c4   0x000000ba   Code   RO          298    i.I2C_MasterRequestRead  stm32f4xx_hal_i2c.o
    0x0800427e   0x00000002   PAD
    0x08004280   0x00000074   Code   RO          299    i.I2C_MasterRequestWrite  stm32f4xx_hal_i2c.o
    0x080042f4   0x00000064   Code   RO          300    i.I2C_MasterTransmit_BTF  stm32f4xx_hal_i2c.o
    0x08004358   0x000000e0   Code   RO          301    i.I2C_RequestMemoryRead  stm32f4xx_hal_i2c.o
    0x08004438   0x00000090   Code   RO          302    i.I2C_RequestMemoryWrite  stm32f4xx_hal_i2c.o
    0x080044c8   0x0000008a   Code   RO          303    i.I2C_WaitOnFlagUntilTimeout  stm32f4xx_hal_i2c.o
    0x08004552   0x00000002   PAD
    0x08004554   0x00000088   Code   RO          304    i.I2C_WaitOnMasterAddressFlagUntilTimeout  stm32f4xx_hal_i2c.o
    0x080045dc   0x000000d0   Code   RO         2750    i.Led_Beat          main.o
    0x080046ac   0x000000c8   Code   RO         3584    i.MS5611_2_Height   ms5611.o
    0x08004774   0x00000102   Code   RO         3585    i.MS5611_Read       ms5611.o
    0x08004876   0x00000002   PAD
    0x08004878   0x0000004c   Code   RO         3586    i.MS5611_Read_Prom  ms5611.o
    0x080048c4   0x000000d0   Code   RO         3587    i.MS5611_calcute    ms5611.o
    0x08004994   0x00000130   Code   RO         3588    i.MS5611_calib      ms5611.o
    0x08004ac4   0x00000040   Code   RO         3589    i.MS5611_init       ms5611.o
    0x08004b04   0x00000040   Code   RO         2751    i.MX_ADC1_Init      main.o
    0x08004b44   0x000000a4   Code   RO         2752    i.MX_GPIO_Init      main.o
    0x08004be8   0x00000054   Code   RO         2753    i.MX_TIM13_Init     main.o
    0x08004c3c   0x00000058   Code   RO         2754    i.MX_TIM14_Init     main.o
    0x08004c94   0x00000078   Code   RO         2755    i.MX_TIM2_Init      main.o
    0x08004d0c   0x00000060   Code   RO         2756    i.MX_TIM3_Init      main.o
    0x08004d6c   0x000000f8   Code   RO         2757    i.M_I2C_Init        main.o
    0x08004e64   0x0000014c   Code   RO         2758    i.M_I2C_init        main.o
    0x08004fb0   0x00000164   Code   RO         3338    i.MahonyAHRSupdateIMU  imu.o
    0x08005114   0x000000b8   Code   RO         3139    i.Motor             control.o
    0x080051cc   0x0000002c   Code   RO         3446    i.Mpc_Empty_Data    mpc.o
    0x080051f8   0x0000004e   Code   RO         3447    i.Mpc_Fill_Data     mpc.o
    0x08005246   0x00000002   PAD
    0x08005248   0x0000003c   Code   RO         3448    i.Mpc_Send_Data     mpc.o
    0x08005284   0x000000bc   Code   RO         3449    i.Mpc_decode        mpc.o
    0x08005340   0x00000020   Code   RO         3506    i.Mpu_Read          mpu6050.o
    0x08005360   0x000000c0   Code   RO         3507    i.Mpu_Read_acc      mpu6050.o
    0x08005420   0x00000108   Code   RO         3508    i.Mpu_Read_gyro     mpu6050.o
    0x08005528   0x0000001e   Code   RO         3509    i.Mpu_Write         mpu6050.o
    0x08005546   0x00000018   Code   RO         3510    i.Mpu_update        mpu6050.o
    0x0800555e   0x00000020   Code   RO         1658    i.NVIC_SetPriority  stm32f4xx_hal_cortex.o
    0x0800557e   0x00000002   PAD
    0x08005580   0x0000004e   Code   RO         3644    i.NrF_Fill_Data     nrf.o
    0x080055ce   0x00000014   Code   RO         3645    i.Nrf_              nrf.o
    0x080055e2   0x0000002c   Code   RO         3646    i.Nrf_Empty_Data    nrf.o
    0x0800560e   0x0000003e   Code   RO         3647    i.Nrf_Init          nrf.o
    0x0800564c   0x0000005c   Code   RO         3648    i.Nrf_Send_Data     nrf.o
    0x080056a8   0x00000e32   Code   RO         3649    i.Nrf_Tele          nrf.o
    0x080064da   0x00000002   PAD
    0x080064dc   0x00000198   Code   RO         2759    i.Ping_RC_IMU       main.o
    0x08006674   0x000001a0   Code   RO         3140    i.Point2Controller  control.o
    0x08006814   0x00000050   Code   RO         3142    i.Pwm_frq           control.o
    0x08006864   0x00000050   Code   RO         3143    i.Pwm_set           control.o
    0x080068b4   0x00000028   Code   RO         3144    i.Quad_Off          control.o
    0x080068dc   0x0000003c   Code   RO         3145    i.Quad_On           control.o
    0x08006918   0x0000037c   Code   RO         3705    i.RC_2_SetPoint     rc.o
    0x08006c94   0x000002a0   Code   RO         3706    i.RC_Calib          rc.o
    0x08006f34   0x00000048   Code   RO         3707    i.RC_Init           rc.o
    0x08006f7c   0x00000070   Code   RO         3708    i.RC_Read           rc.o
    0x08006fec   0x00000134   Code   RO         3709    i.RC_Read_EEPROM    rc.o
    0x08007120   0x00000080   Code   RO         3146    i.Rc2Controller     control.o
    0x080071a0   0x000000d0   Code   RO         3147    i.Read_Gain         control.o
    0x08007270   0x000001a8   Code   RO         3084    i.Read_Srf          altitude.o
    0x08007418   0x00000074   Code   RO         3808    i.Scaling_Cam_POS   odometery.o
    0x0800748c   0x00000012   Code   RO         3148    i.Servo_Set_Angle   control.o
    0x0800749e   0x00000002   PAD
    0x080074a0   0x0000003c   Code   RO         3149    i.Servo_init        control.o
    0x080074dc   0x00000136   Code   RO         3150    i.Set_Gain          control.o
    0x08007612   0x00000002   PAD
    0x08007614   0x000000b8   Code   RO         3151    i.Set_zero_system_state  control.o
    0x080076cc   0x0000000e   Code   RO         2943    i.SysTick_Handler   stm32f4xx_it.o
    0x080076da   0x00000002   PAD
    0x080076dc   0x00000064   Code   RO         2760    i.SystemClock_Config  main.o
    0x08007740   0x00000054   Code   RO         3913    i.SystemInit        system_stm32f4xx.o
    0x08007794   0x0000000c   Code   RO         2944    i.TIM2_IRQHandler   stm32f4xx_it.o
    0x080077a0   0x0000000c   Code   RO         2945    i.TIM3_IRQHandler   stm32f4xx_it.o
    0x080077ac   0x000000c0   Code   RO          809    i.TIM_Base_SetConfig  stm32f4xx_hal_tim.o
    0x0800786c   0x00000016   Code   RO          810    i.TIM_CCxChannelCmd  stm32f4xx_hal_tim.o
    0x08007882   0x00000014   Code   RO          816    i.TIM_ETR_SetConfig  stm32f4xx_hal_tim.o
    0x08007896   0x00000010   Code   RO          817    i.TIM_ITRx_SetConfig  stm32f4xx_hal_tim.o
    0x080078a6   0x00000002   PAD
    0x080078a8   0x00000058   Code   RO          818    i.TIM_OC1_SetConfig  stm32f4xx_hal_tim.o
    0x08007900   0x00000064   Code   RO          819    i.TIM_OC2_SetConfig  stm32f4xx_hal_tim.o
    0x08007964   0x00000060   Code   RO          820    i.TIM_OC3_SetConfig  stm32f4xx_hal_tim.o
    0x080079c4   0x00000050   Code   RO          821    i.TIM_OC4_SetConfig  stm32f4xx_hal_tim.o
    0x08007a14   0x00000022   Code   RO          823    i.TIM_TI1_ConfigInputStage  stm32f4xx_hal_tim.o
    0x08007a36   0x00000024   Code   RO          825    i.TIM_TI2_ConfigInputStage  stm32f4xx_hal_tim.o
    0x08007a5a   0x0000001e   Code   RO         2537    i.UART_DMAError     stm32f4xx_hal_uart.o
    0x08007a78   0x00000036   Code   RO         2538    i.UART_DMAReceiveCplt  stm32f4xx_hal_uart.o
    0x08007aae   0x0000000a   Code   RO         2539    i.UART_DMARxHalfCplt  stm32f4xx_hal_uart.o
    0x08007ab8   0x00000178   Code   RO         2543    i.UART_SetConfig    stm32f4xx_hal_uart.o
    0x08007c30   0x00000092   Code   RO         2545    i.UART_WaitOnFlagUntilTimeout  stm32f4xx_hal_uart.o
    0x08007cc2   0x00000002   PAD
    0x08007cc4   0x00000014   Code   RO         3766    i.UART_send_buffer  telemetri.o
    0x08007cd8   0x000002f8   Code   RO         3339    i.Update_Euler_angles  imu.o
    0x08007fd0   0x000000ac   Code   RO         3511    i.Update_Gravity    mpu6050.o
    0x0800807c   0x00000034   Code   RO         3340    i.Update_IMU_Data_Mahony  imu.o
    0x080080b0   0x00000052   Code   RO         3399    i.Update_Kalman1x1  kalman.o
    0x08008102   0x00000002   PAD
    0x08008104   0x0000015c   Code   RO         3086    i.Vel_z             altitude.o
    0x08008260   0x000000b8   Code   RO         3153    i.Velocity_Control  control.o
    0x08008318   0x00000028   Code   RO         4283    i.__0sprintf        mc_w.l(printfa.o)
    0x08008340   0x00000030   Code   RO         4360    i.__ARM_fpclassify  m_wm.l(fpclassify.o)
    0x08008370   0x00000360   Code   RO         3945    i.__hardfp_asin     m_wm.l(asin.o)
    0x080086d0   0x000002d8   Code   RO         4329    i.__hardfp_atan     m_wm.l(atan.o)
    0x080089a8   0x000001f0   Code   RO         3959    i.__hardfp_atan2    m_wm.l(atan2.o)
    0x08008b98   0x000000c8   Code   RO         3971    i.__hardfp_cos      m_wm.l(cos.o)
    0x08008c60   0x00000014   Code   RO         3983    i.__hardfp_fabs     m_wm.l(fabs.o)
    0x08008c74   0x00000004   PAD
    0x08008c78   0x00000c38   Code   RO         3989    i.__hardfp_pow      m_wm.l(pow.o)
    0x080098b0   0x000000c8   Code   RO         4003    i.__hardfp_sin      m_wm.l(sin.o)
    0x08009978   0x0000007a   Code   RO         4015    i.__hardfp_sqrt     m_wm.l(sqrt.o)
    0x080099f2   0x00000006   PAD
    0x080099f8   0x00000080   Code   RO         4027    i.__hardfp_tan      m_wm.l(tan.o)
    0x08009a78   0x00000438   Code   RO         4365    i.__ieee754_rem_pio2  m_wm.l(rred.o)
    0x08009eb0   0x00000170   Code   RO         4343    i.__kernel_cos      m_wm.l(cos_i.o)
    0x0800a020   0x000000f8   Code   RO         4362    i.__kernel_poly     m_wm.l(poly.o)
    0x0800a118   0x00000130   Code   RO         4370    i.__kernel_sin      m_wm.l(sin_i.o)
    0x0800a248   0x00000350   Code   RO         4376    i.__kernel_tan      m_wm.l(tan_i.o)
    0x0800a598   0x00000030   Code   RO         4346    i.__mathlib_dbl_divzero  m_wm.l(dunder.o)
    0x0800a5c8   0x00000014   Code   RO         4347    i.__mathlib_dbl_infnan  m_wm.l(dunder.o)
    0x0800a5dc   0x00000014   Code   RO         4348    i.__mathlib_dbl_infnan2  m_wm.l(dunder.o)
    0x0800a5f0   0x00000020   Code   RO         4349    i.__mathlib_dbl_invalid  m_wm.l(dunder.o)
    0x0800a610   0x00000020   Code   RO         4350    i.__mathlib_dbl_overflow  m_wm.l(dunder.o)
    0x0800a630   0x00000020   Code   RO         4352    i.__mathlib_dbl_underflow  m_wm.l(dunder.o)
    0x0800a650   0x0000000e   Code   RO         4435    i.__scatterload_copy  mc_w.l(handlers.o)
    0x0800a65e   0x00000002   Code   RO         4436    i.__scatterload_null  mc_w.l(handlers.o)
    0x0800a660   0x0000000e   Code   RO         4437    i.__scatterload_zeroinit  mc_w.l(handlers.o)
    0x0800a66e   0x00000002   PAD
    0x0800a670   0x0000000c   Code   RO         4409    i.__set_errno       mc_w.l(errno.o)
    0x0800a67c   0x00000164   Code   RO         4288    i._fp_digits        mc_w.l(printfa.o)
    0x0800a7e0   0x000006dc   Code   RO         4289    i._printf_core      mc_w.l(printfa.o)
    0x0800aebc   0x00000024   Code   RO         4290    i._printf_post_padding  mc_w.l(printfa.o)
    0x0800aee0   0x0000002e   Code   RO         4291    i._printf_pre_padding  mc_w.l(printfa.o)
    0x0800af0e   0x0000000a   Code   RO         4293    i._sputc            mc_w.l(printfa.o)
    0x0800af18   0x00000010   Code   RO         4331    i.atan              m_wm.l(atan.o)
    0x0800af28   0x00000538   Code   RO         3154    i.control_init_     control.o
    0x0800b460   0x00000328   Code   RO         3875    i.do_optical_par    par_optical.o
    0x0800b788   0x00000018   Code   RO         3985    i.fabs              m_wm.l(fabs.o)
    0x0800b7a0   0x0000002c   Code   RO         3710    i.fsign             rc.o
    0x0800b7cc   0x0000017c   Code   RO         3512    i.gyro_calib        mpu6050.o
    0x0800b948   0x00000140   Code   RO         3513    i.init_mpu          mpu6050.o
    0x0800ba88   0x0000002c   Code   RO         3341    i.invSqrt           imu.o
    0x0800bab4   0x000006fc   Code   RO         2761    i.main              main.o
    0x0800c1b0   0x00000048   Code   RO         3876    i.optical_kalman_init  par_optical.o
    0x0800c1f8   0x00000028   Code   RO         3514    i.ping_mpu          mpu6050.o
    0x0800c220   0x0000006e   Code   RO         4017    i.sqrt              m_wm.l(sqrt.o)
    0x0800c28e   0x00000002   PAD
    0x0800c290   0x000000cc   Code   RO         3087    i.ultra_filter_lpf  altitude.o
    0x0800c35c   0x000001c4   Code   RO         3342    i.update_Accel_weight  imu.o
    0x0800c520   0x00000010   Data   RO         2013    .constdata          stm32f4xx_hal_rcc.o
    0x0800c530   0x00000050   Data   RO         3948    .constdata          m_wm.l(asin.o)
    0x0800c580   0x00000088   Data   RO         3992    .constdata          m_wm.l(pow.o)
    0x0800c608   0x00000098   Data   RO         4332    .constdata          m_wm.l(atan.o)
    0x0800c6a0   0x00000030   Data   RO         4344    .constdata          m_wm.l(cos_i.o)
    0x0800c6d0   0x00000008   Data   RO         4364    .constdata          m_wm.l(qnan.o)
    0x0800c6d8   0x000000c8   Data   RO         4367    .constdata          m_wm.l(rred.o)
    0x0800c7a0   0x00000028   Data   RO         4371    .constdata          m_wm.l(sin_i.o)
    0x0800c7c8   0x00000060   Data   RO         4377    .constdata          m_wm.l(tan_i.o)
    0x0800c828   0x00000020   Data   RO         4433    Region$$Table       anon$$obj.o


    Execution Region RW_IRAM1 (Base: 0x20000000, Size: 0x000017e8, Max: 0x00020000, ABSOLUTE)

    Base Addr    Size         Type   Attr      Idx    E Section Name        Object

    0x20000000   0x00000004   Data   RW           34    .data               stm32f4xx_hal.o
    0x20000004   0x00000018   Data   RW         2766    .data               main.o
    0x2000001c   0x00000008   Data   RW         3089    .data               altitude.o
    0x20000024   0x00000030   Data   RW         3157    .data               control.o
    0x20000054   0x00000002   Data   RW         3296    .data               eeprom.o
    0x20000056   0x00000002   Data   RW         3516    .data               mpu6050.o
    0x20000058   0x00000002   Data   RW         3768    .data               telemetri.o
    0x2000005a   0x00000006   PAD
    0x20000060   0x00000008   Data   RW         3769    .data               telemetri.o
    0x20000068   0x00000004   Data   RW         3770    .data               telemetri.o
    0x2000006c   0x00000014   Data   RW         3914    .data               system_stm32f4xx.o
    0x20000080   0x00000004   Data   RW         4410    .data               mc_w.l(errno.o)
    0x20000084   0x0000022c   Zero   RW         2762    .bss                main.o
    0x200002b0   0x00000050   Zero   RW         2763    .bss                main.o
    0x20000300   0x00000050   Zero   RW         2764    .bss                main.o
    0x20000350   0x00000050   Zero   RW         2765    .bss                main.o
    0x200003a0   0x00000068   Zero   RW         3088    .bss                altitude.o
    0x20000408   0x00000690   Zero   RW         3155    .bss                control.o
    0x20000a98   0x00000060   Zero   RW         3343    .bss                imu.o
    0x20000af8   0x0000002c   Zero   RW         3401    .bss                kalman.o
    0x20000b24   0x000000c4   Zero   RW         3450    .bss                mpc.o
    0x20000be8   0x00000098   Zero   RW         3515    .bss                mpu6050.o
    0x20000c80   0x000000a0   Zero   RW         3590    .bss                ms5611.o
    0x20000d20   0x00000032   Zero   RW         3650    .bss                nrf.o
    0x20000d52   0x00000002   PAD
    0x20000d54   0x00000080   Zero   RW         3651    .bss                nrf.o
    0x20000dd4   0x000000ac   Zero   RW         3711    .bss                rc.o
    0x20000e80   0x00000096   Zero   RW         3767    .bss                telemetri.o
    0x20000f16   0x00000002   PAD
    0x20000f18   0x000002bc   Zero   RW         3811    .bss                odometery.o
    0x200011d4   0x0000014c   Zero   RW         3812    .bss                odometery.o
    0x20001320   0x0000006c   Zero   RW         3877    .bss                par_optical.o
    0x2000138c   0x00000058   Zero   RW         3878    .bss                par_optical.o
    0x200013e4   0x00000004   PAD
    0x200013e8   0x00000400   Zero   RW            1    STACK               startup_stm32f407xx.o


==============================================================================

Image component sizes


      Code (inc. data)   RO Data    RW Data    ZI Data      Debug   Object Name

       976        136          0          8        104       4052   altitude.o
      4612        372          0         48       1680      15863   control.o
        84         16          0          2          0       1200   eeprom.o
      1920        158          0          0         96       5317   imu.o
        82          0          0          0         44       1919   kalman.o
      4084        420          0         24        796      18652   main.o
       416         10          0          0        196       4420   mpc.o
      1454        134          0          2        152       8388   mpu6050.o
      1110         60          0          0        160       4946   ms5611.o
      3930        166          0          0        178       7360   nrf.o
       312         34          0          0       1032       2870   odometery.o
       880         80          0          0        196       2977   par_optical.o
      2100        288          0          0        172       5609   rc.o
        36          8        392          0       1024        936   startup_stm32f407xx.o
       136         16          0          4          0     357802   stm32f4xx_hal.o
       850         30          0          0          0       6405   stm32f4xx_hal_adc.o
       226         14          0          0          0      31425   stm32f4xx_hal_cortex.o
      4208         58          0          0          0       4011   stm32f4xx_hal_dma.o
       492         56          0          0          0       3943   stm32f4xx_hal_gpio.o
      3316         78          0          0          0      16030   stm32f4xx_hal_i2c.o
       594         96          0          0          0       3549   stm32f4xx_hal_msp.o
      1516         72         16          0          0       5855   stm32f4xx_hal_rcc.o
      1948         98          0          0          0      17991   stm32f4xx_hal_tim.o
        84          0          0          0          0       2290   stm32f4xx_hal_tim_ex.o
      1050         24          0          0          0       7138   stm32f4xx_hal_uart.o
        80         30          0          0          0       3146   stm32f4xx_it.o
        84         18          0         20          0       1285   system_stm32f4xx.o
        20          8          0         14        150       1175   telemetri.o

    ----------------------------------------------------------------------
     36644       2480        440        128       5988     546554   Object Totals
         0          0         32          0          0          0   (incl. Generated)
        44          0          0          6          8          0   (incl. Padding)

    ----------------------------------------------------------------------

      Code (inc. data)   RO Data    RW Data    ZI Data      Debug   Library Member Name

       864         94         80          0          0        280   asin.o
       744        106        152          0          0        352   atan.o
       496         64          0          0          0        192   atan2.o
       200         20          0          0          0        164   cos.o
       368         46         48          0          0        200   cos_i.o
       184         44          0          0          0        744   dunder.o
        44          0          0          0          0        248   fabs.o
        48          0          0          0          0        124   fpclassify.o
       248          0          0          0          0        152   poly.o
      3128        302        136          0          0        356   pow.o
         0          0          8          0          0          0   qnan.o
      1080        142        200          0          0        188   rred.o
       200         20          0          0          0        164   sin.o
       304         24         40          0          0        208   sin_i.o
       232          0          0          0          0        296   sqrt.o
       128         20          0          0          0        144   tan.o
       848         84         96          0          0        196   tan_i.o
         0          0          0          0          0          0   entry.o
         0          0          0          0          0          0   entry10a.o
         0          0          0          0          0          0   entry11a.o
         8          4          0          0          0          0   entry2.o
         4          0          0          0          0          0   entry5.o
         0          0          0          0          0          0   entry7b.o
         0          0          0          0          0          0   entry8b.o
         8          4          0          0          0          0   entry9a.o
        12          6          0          4          0         68   errno.o
        30          0          0          0          0          0   handlers.o
        36          8          0          0          0         68   init.o
         0          0          0          0          0          0   iusefp.o
        30          0          0          0          0         68   llshl.o
        36          0          0          0          0         68   llsshr.o
        32          0          0          0          0         68   llushr.o
        36          0          0          0          0         68   memcpya.o
      2244         86          0          0          0        512   printfa.o
        44          0          0          0          0         80   uidiv.o
        98          0          0          0          0         92   uldiv.o
        48          0          0          0          0         68   cdcmple.o
        48          0          0          0          0         68   cdrcmple.o
        56          0          0          0          0         88   d2f.o
       334          0          0          0          0        148   dadd.o
       222          0          0          0          0        100   ddiv.o
       186          0          0          0          0        176   depilogue.o
        62          0          0          0          0         80   dfixi.o
        48          0          0          0          0         68   dfixul.o
        34          0          0          0          0         76   dflti.o
        26          0          0          0          0         76   dfltui.o
       228          0          0          0          0         96   dmul.o
        46          0          0          0          0         80   dscalb.o
       162          0          0          0          0        100   dsqrt.o
        38          0          0          0          0         68   f2d.o
       110          0          0          0          0        168   fepilogue.o
        28          0          0          0          0         84   ffltul.o

    ----------------------------------------------------------------------
     13428       1074        760          4          0       6644   Library Totals
        18          0          0          0          0          0   (incl. Padding)

    ----------------------------------------------------------------------

      Code (inc. data)   RO Data    RW Data    ZI Data      Debug   Library Name

      9116        966        760          0          0       4008   m_wm.l
      2618        108          0          4          0       1092   mc_w.l
      1676          0          0          0          0       1544   mf_w.l

    ----------------------------------------------------------------------
     13428       1074        760          4          0       6644   Library Totals

    ----------------------------------------------------------------------

==============================================================================


      Code (inc. data)   RO Data    RW Data    ZI Data      Debug   

     50072       3554       1200        132       5988     531598   Grand Totals
     50072       3554       1200        132       5988     531598   ELF Image Totals
     50072       3554       1200        132          0          0   ROM Totals

==============================================================================

    Total RO  Size (Code + RO Data)                51272 (  50.07kB)
    Total RW  Size (RW Data + ZI Data)              6120 (   5.98kB)
    Total ROM Size (Code + RO Data + RW Data)      51404 (  50.20kB)

==============================================================================

