<html>
<body>
<pre>
<h1>µVision Build Log</h1>
<h2>Tool Versions:</h2>
IDE-Version: µVision V5.14.0.0
Copyright (C) 2015 ARM Ltd and ARM Germany GmbH. All rights reserved.
License Information: Parnia Shokri, kn2c, LIC=6XJWF-6ITKA-NTN3G-V1PUP-V0YQ6-VUNQC
 
Tool Versions:
Toolchain:       MDK-ARM Professional  Version: 5.14.0.0
Toolchain Path:  C:\Keil_v5\ARM\ARMCC\Bin
C Compiler:      Armcc.exe V5.05 update 1 (build 106)
Assembler:       Armasm.exe V5.05 update 1 (build 106)
Linker/Locator:  ArmLink.exe V5.05 update 1 (build 106)
Library Manager: ArmAr.exe V5.05 update 1 (build 106)
Hex Converter:   FromElf.exe V5.05 update 1 (build 106)
CPU DLL:         SARMCM3.DLL V5.14.0.0
Dialog DLL:      DCM.DLL V1.13.1.0
Target DLL:      STLink\ST-LINKIII-KEIL_SWO.dll V2.0.14.0_KEIL
Dialog DLL:      TCM.DLL V1.14.4.0
 
<h2>Project:</h2>
E:\KN2C\OpticalFlow\MDK-ARM\1.uvprojx
Project File Date:  12/09/2015

<h2>Output:</h2>
Build target '1 Configuration'
compiling main.c...
..\Inc\Optical_Flow.h(60): warning:  #1295-D: Deprecated declaration optical_kalman_init - give arg types
  void optical_kalman_init();
..\Inc\Optical_Flow.h(68): warning:  #1-D: last line of file ends without a newline
  #endif
..\Inc\par_optical.h(62): warning:  #1295-D: Deprecated declaration optical_kalman_init - give arg types
  void optical_kalman_init();
..\Inc\par_optical.h(65): warning:  #1-D: last line of file ends without a newline
  #endif
..\Src\main.c(901): warning:  #188-D: enumerated type mixed with another type
                                        LEDB_OFF;               
..\Src\main.c(910): warning:  #188-D: enumerated type mixed with another type
                                        LEDB_OFF;               
..\Src\main.c(925): warning:  #188-D: enumerated type mixed with another type
        else LEDY_OFF;
..\Src\main.c(939): warning:  #188-D: enumerated type mixed with another type
                        LEDW_ON;
..\Src\main.c(940): warning:  #188-D: enumerated type mixed with another type
                else LEDW_OFF;          
..\Src\main.c(949): warning:  #188-D: enumerated type mixed with another type
                        LEDW_ON;
..\Src\main.c(950): warning:  #188-D: enumerated type mixed with another type
                else LEDW_OFF;
..\Src\main.c(1007): warning:  #188-D: enumerated type mixed with another type
        LEDY_OFF;
..\Src\main.c(1008): warning:  #188-D: enumerated type mixed with another type
        LEDG_OFF;
..\Src\main.c(1009): warning:  #188-D: enumerated type mixed with another type
        LEDB_OFF;
..\Src\main.c(1010): warning:  #188-D: enumerated type mixed with another type
        LEDW_OFF;
..\Src\main.c: 15 warnings, 0 errors
linking...
Program Size: Code=50072 RO-data=1200 RW-data=132 ZI-data=5988  
FromELF: creating hex file...
"1 Configuration\1 Configuration.axf" - 0 Error(s), 15 Warning(s).

<h2>Collection of Component include folders:</h2>
  E:\KN2C\OpticalFlow\MDK-ARM\RTE
  C:\Keil_v5\ARM\PACK\Keil\STM32F4xx_DFP\2.3.0\Drivers\CMSIS\Device\ST\STM32F4xx\Include

<h2>Collection of Component Files used:</h2>
</pre>
</body>
</html>
